Archive member included to satisfy reference by file (symbol)

D:/Program Files/STM32CubeIDE_2.1.1/STM32CubeIDE/plugins/com.st.stm32cube.ide.mcu.externaltools.gnu-tools-for-stm32.13.3.rel1.win32_1.0.100.202509120712/tools/bin/../lib/gcc/arm-none-eabi/13.3.1/../../../../arm-none-eabi/lib/thumb/v7e-m+fp/hard\libc_nano.a(libc_a-exit.o)
                              D:/Program Files/STM32CubeIDE_2.1.1/STM32CubeIDE/plugins/com.st.stm32cube.ide.mcu.externaltools.gnu-tools-for-stm32.13.3.rel1.win32_1.0.100.202509120712/tools/bin/../lib/gcc/arm-none-eabi/13.3.1/../../../../arm-none-eabi/lib/thumb/v7e-m+fp/hard/crt0.o (exit)
D:/Program Files/STM32CubeIDE_2.1.1/STM32CubeIDE/plugins/com.st.stm32cube.ide.mcu.externaltools.gnu-tools-for-stm32.13.3.rel1.win32_1.0.100.202509120712/tools/bin/../lib/gcc/arm-none-eabi/13.3.1/../../../../arm-none-eabi/lib/thumb/v7e-m+fp/hard\libc_nano.a(libc_a-findfp.o)
                              D:/Program Files/STM32CubeIDE_2.1.1/STM32CubeIDE/plugins/com.st.stm32cube.ide.mcu.externaltools.gnu-tools-for-stm32.13.3.rel1.win32_1.0.100.202509120712/tools/bin/../lib/gcc/arm-none-eabi/13.3.1/../../../../arm-none-eabi/lib/thumb/v7e-m+fp/hard\libc_nano.a(libc_a-exit.o) (__stdio_exit_handler)
D:/Program Files/STM32CubeIDE_2.1.1/STM32CubeIDE/plugins/com.st.stm32cube.ide.mcu.externaltools.gnu-tools-for-stm32.13.3.rel1.win32_1.0.100.202509120712/tools/bin/../lib/gcc/arm-none-eabi/13.3.1/../../../../arm-none-eabi/lib/thumb/v7e-m+fp/hard\libc_nano.a(libc_a-fwalk.o)
                              D:/Program Files/STM32CubeIDE_2.1.1/STM32CubeIDE/plugins/com.st.stm32cube.ide.mcu.externaltools.gnu-tools-for-stm32.13.3.rel1.win32_1.0.100.202509120712/tools/bin/../lib/gcc/arm-none-eabi/13.3.1/../../../../arm-none-eabi/lib/thumb/v7e-m+fp/hard\libc_nano.a(libc_a-findfp.o) (_fwalk_sglue)
D:/Program Files/STM32CubeIDE_2.1.1/STM32CubeIDE/plugins/com.st.stm32cube.ide.mcu.externaltools.gnu-tools-for-stm32.13.3.rel1.win32_1.0.100.202509120712/tools/bin/../lib/gcc/arm-none-eabi/13.3.1/../../../../arm-none-eabi/lib/thumb/v7e-m+fp/hard\libc_nano.a(libc_a-printf.o)
                              ./Core/Src/main.o (printf)
D:/Program Files/STM32CubeIDE_2.1.1/STM32CubeIDE/plugins/com.st.stm32cube.ide.mcu.externaltools.gnu-tools-for-stm32.13.3.rel1.win32_1.0.100.202509120712/tools/bin/../lib/gcc/arm-none-eabi/13.3.1/../../../../arm-none-eabi/lib/thumb/v7e-m+fp/hard\libc_nano.a(libc_a-stdio.o)
                              D:/Program Files/STM32CubeIDE_2.1.1/STM32CubeIDE/plugins/com.st.stm32cube.ide.mcu.externaltools.gnu-tools-for-stm32.13.3.rel1.win32_1.0.100.202509120712/tools/bin/../lib/gcc/arm-none-eabi/13.3.1/../../../../arm-none-eabi/lib/thumb/v7e-m+fp/hard\libc_nano.a(libc_a-findfp.o) (__sread)
D:/Program Files/STM32CubeIDE_2.1.1/STM32CubeIDE/plugins/com.st.stm32cube.ide.mcu.externaltools.gnu-tools-for-stm32.13.3.rel1.win32_1.0.100.202509120712/tools/bin/../lib/gcc/arm-none-eabi/13.3.1/../../../../arm-none-eabi/lib/thumb/v7e-m+fp/hard\libc_nano.a(libc_a-memset.o)
                              D:/Program Files/STM32CubeIDE_2.1.1/STM32CubeIDE/plugins/com.st.stm32cube.ide.mcu.externaltools.gnu-tools-for-stm32.13.3.rel1.win32_1.0.100.202509120712/tools/bin/../lib/gcc/arm-none-eabi/13.3.1/../../../../arm-none-eabi/lib/thumb/v7e-m+fp/hard/crt0.o (memset)
D:/Program Files/STM32CubeIDE_2.1.1/STM32CubeIDE/plugins/com.st.stm32cube.ide.mcu.externaltools.gnu-tools-for-stm32.13.3.rel1.win32_1.0.100.202509120712/tools/bin/../lib/gcc/arm-none-eabi/13.3.1/../../../../arm-none-eabi/lib/thumb/v7e-m+fp/hard\libc_nano.a(libc_a-closer.o)
                              D:/Program Files/STM32CubeIDE_2.1.1/STM32CubeIDE/plugins/com.st.stm32cube.ide.mcu.externaltools.gnu-tools-for-stm32.13.3.rel1.win32_1.0.100.202509120712/tools/bin/../lib/gcc/arm-none-eabi/13.3.1/../../../../arm-none-eabi/lib/thumb/v7e-m+fp/hard\libc_nano.a(libc_a-stdio.o) (_close_r)
D:/Program Files/STM32CubeIDE_2.1.1/STM32CubeIDE/plugins/com.st.stm32cube.ide.mcu.externaltools.gnu-tools-for-stm32.13.3.rel1.win32_1.0.100.202509120712/tools/bin/../lib/gcc/arm-none-eabi/13.3.1/../../../../arm-none-eabi/lib/thumb/v7e-m+fp/hard\libc_nano.a(libc_a-reent.o)
                              D:/Program Files/STM32CubeIDE_2.1.1/STM32CubeIDE/plugins/com.st.stm32cube.ide.mcu.externaltools.gnu-tools-for-stm32.13.3.rel1.win32_1.0.100.202509120712/tools/bin/../lib/gcc/arm-none-eabi/13.3.1/../../../../arm-none-eabi/lib/thumb/v7e-m+fp/hard\libc_nano.a(libc_a-closer.o) (errno)
D:/Program Files/STM32CubeIDE_2.1.1/STM32CubeIDE/plugins/com.st.stm32cube.ide.mcu.externaltools.gnu-tools-for-stm32.13.3.rel1.win32_1.0.100.202509120712/tools/bin/../lib/gcc/arm-none-eabi/13.3.1/../../../../arm-none-eabi/lib/thumb/v7e-m+fp/hard\libc_nano.a(libc_a-impure.o)
[...]
Memory Configuration

Name             Origin             Length             Attributes
CCMRAM           0x10000000         0x00004000         xrw
RAM              0x20000000         0x00010000         xrw
FLASH            0x08000000         0x00080000         xr
*default*        0x00000000         0xffffffff

Linker script and memory map

LOAD D:/Program Files/STM32CubeIDE_2.1.1/STM32CubeIDE/plugins/com.st.stm32cube.ide.mcu.externaltools.gnu-tools-for-stm32.13.3.rel1.win32_1.0.100.202509120712/tools/bin/../lib/gcc/arm-none-eabi/13.3.1/thumb/v7e-m+fp/hard/crti.o
LOAD D:/Program Files/STM32CubeIDE_2.1.1/STM32CubeIDE/plugins/com.st.stm32cube.ide.mcu.externaltools.gnu-tools-for-stm32.13.3.rel1.win32_1.0.100.202509120712/tools/bin/../lib/gcc/arm-none-eabi/13.3.1/thumb/v7e-m+fp/hard/crtbegin.o
LOAD D:/Program Files/STM32CubeIDE_2.1.1/STM32CubeIDE/plugins/com.st.stm32cube.ide.mcu.externaltools.gnu-tools-for-stm32.13.3.rel1.win32_1.0.100.202509120712/tools/bin/../lib/gcc/arm-none-eabi/13.3.1/../../../../arm-none-eabi/lib/thumb/v7e-m+fp/hard/crt0.o
LOAD ./Core/Src/main.o
LOAD ./Core/Src/stm32f3xx_hal_msp.o
LOAD ./Core/Src/stm32f3xx_it.o
LOAD ./Core/Src/syscalls.o
LOAD ./Core/Src/sysmem.o
LOAD ./Core/Src/system_stm32f3xx.o
LOAD ./Core/Startup/startup_stm32f303retx.o
LOAD ./Drivers/STM32F3xx_HAL_Driver/Src/stm32f3xx_hal.o
LOAD ./Drivers/STM32F3xx_HAL_Driver/Src/stm32f3xx_hal_can.o
LOAD ./Drivers/STM32F3xx_HAL_Driver/Src/stm32f3xx_hal_cortex.o
LOAD ./Drivers/STM32F3xx_HAL_Driver/Src/stm32f3xx_hal_dma.o
LOAD ./Drivers/STM32F3xx_HAL_Driver/Src/stm32f3xx_hal_exti.o
LOAD ./Drivers/STM32F3xx_HAL_Driver/Src/stm32f3xx_hal_flash.o
LOAD ./Drivers/STM32F3xx_HAL_Driver/Src/stm32f3xx_hal_flash_ex.o
LOAD ./Drivers/STM32F3xx_HAL_Driver/Src/stm32f3xx_hal_gpio.o
LOAD ./Drivers/STM32F3xx_HAL_Driver/Src/stm32f3xx_hal_i2c.o
LOAD ./Drivers/STM32F3xx_HAL_Driver/Src/stm32f3xx_hal_i2c_ex.o
LOAD ./Drivers/STM32F3xx_HAL_Driver/Src/stm32f3xx_hal_pwr.o
LOAD ./Drivers/STM32F3xx_HAL_Driver/Src/stm32f3xx_hal_pwr_ex.o
LOAD ./Drivers/STM32F3xx_HAL_Driver/Src/stm32f3xx_hal_rcc.o
LOAD ./Drivers/STM32F3xx_HAL_Driver/Src/stm32f3xx_hal_rcc_ex.o
LOAD ./Drivers/STM32F3xx_HAL_Driver/Src/stm32f3xx_hal_uart.o
LOAD ./Drivers/STM32F3xx_HAL_Driver/Src/stm32f3xx_hal_uart_ex.o
START GROUP
LOAD D:/Program Files/STM32CubeIDE_2.1.1/STM32CubeIDE/plugins/com.st.stm32cube.ide.mcu.externaltools.gnu-tools-for-stm32.13.3.rel1.win32_1.0.100.202509120712/tools/bin/../lib/gcc/arm-none-eabi/13.3.1/../../../../arm-none-eabi/lib/thumb/v7e-m+fp/hard\libc_nano.a
LOAD D:/Program Files/STM32CubeIDE_2.1.1/STM32CubeIDE/plugins/com.st.stm32cube.ide.mcu.externaltools.gnu-tools-for-stm32.13.3.rel1.win32_1.0.100.202509120712/tools/bin/../lib/gcc/arm-none-eabi/13.3.1/../../../../arm-none-eabi/lib/thumb/v7e-m+fp/hard\libm.a
END GROUP
START GROUP
LOAD D:/Program Files/STM32CubeIDE_2.1.1/STM32CubeIDE/plugins/com.st.stm32cube.ide.mcu.externaltools.gnu-tools-for-stm32.13.3.rel1.win32_1.0.100.202509120712/tools/bin/../lib/gcc/arm-none-eabi/13.3.1/thumb/v7e-m+fp/hard\libgcc.a
LOAD D:/Program Files/STM32CubeIDE_2.1.1/STM32CubeIDE/plugins/com.st.stm32cube.ide.mcu.externaltools.gnu-tools-for-stm32.13.3.rel1.win32_1.0.100.202509120712/tools/bin/../lib/gcc/arm-none-eabi/13.3.1/../../../../arm-none-eabi/lib/thumb/v7e-m+fp/hard\libc_nano.a
END GROUP
START GROUP
LOAD D:/Program Files/STM32CubeIDE_2.1.1/STM32CubeIDE/plugins/com.st.stm32cube.ide.mcu.externaltools.gnu-tools-for-stm32.13.3.rel1.win32_1.0.100.202509120712/tools/bin/../lib/gcc/arm-none-eabi/13.3.1/thumb/v7e-m+fp/hard\libgcc.a
LOAD D:/Program Files/STM32CubeIDE_2.1.1/STM32CubeIDE/plugins/com.st.stm32cube.ide.mcu.externaltools.gnu-tools-for-stm32.13.3.rel1.win32_1.0.100.202509120712/tools/bin/../lib/gcc/arm-none-eabi/13.3.1/../../../../arm-none-eabi/lib/thumb/v7e-m+fp/hard\libc_nano.a
LOAD D:/Program Files/STM32CubeIDE_2.1.1/STM32CubeIDE/plugins/com.st.stm32cube.ide.mcu.externaltools.gnu-tools-for-stm32.13.3.rel1.win32_1.0.100.202509120712/tools/bin/../lib/gcc/arm-none-eabi/13.3.1/../../../../arm-none-eabi/lib/thumb/v7e-m+fp/hard\libnosys.a
END GROUP
START GROUP
LOAD D:/Program Files/STM32CubeIDE_2.1.1/STM32CubeIDE/plugins/com.st.stm32cube.ide.mcu.externaltools.gnu-tools-for-stm32.13.3.rel1.win32_1.0.100.202509120712/tools/bin/../lib/gcc/arm-none-eabi/13.3.1/thumb/v7e-m+fp/hard\libgcc.a
LOAD D:/Program Files/STM32CubeIDE_2.1.1/STM32CubeIDE/plugins/com.st.stm32cube.ide.mcu.externaltools.gnu-tools-for-stm32.13.3.rel1.win32_1.0.100.202509120712/tools/bin/../lib/gcc/arm-none-eabi/13.3.1/../../../../arm-none-eabi/lib/thumb/v7e-m+fp/hard\libc_nano.a
LOAD D:/Program Files/STM32CubeIDE_2.1.1/STM32CubeIDE/plugins/com.st.stm32cube.ide.mcu.externaltools.gnu-tools-for-stm32.13.3.rel1.win32_1.0.100.202509120712/tools/bin/../lib/gcc/arm-none-eabi/13.3.1/../../../../arm-none-eabi/lib/thumb/v7e-m+fp/hard\libnosys.a
END GROUP
LOAD D:/Program Files/STM32CubeIDE_2.1.1/STM32CubeIDE/plugins/com.st.stm32cube.ide.mcu.externaltools.gnu-tools-for-stm32.13.3.rel1.win32_1.0.100.202509120712/tools/bin/../lib/gcc/arm-none-eabi/13.3.1/thumb/v7e-m+fp/hard/crtend.o
LOAD D:/Program Files/STM32CubeIDE_2.1.1/STM32CubeIDE/plugins/com.st.stm32cube.ide.mcu.externaltools.gnu-tools-for-stm32.13.3.rel1.win32_1.0.100.202509120712/tools/bin/../lib/gcc/arm-none-eabi/13.3.1/thumb/v7e-m+fp/hard/crtn.o
                0x20010000                        _estack = (ORIGIN (RAM) + LENGTH (RAM))
                0x00000200                        _Min_Heap_Size = 0x200
                0x00000400                        _Min_Stack_Size = 0x400

.isr_vector     0x08000000      0x194
                0x08000000                        . = ALIGN (0x4)
 *(.isr_vector)
 .isr_vector    0x08000000      0x194 ./Core/Startup/startup_stm32f303retx.o
                0x08000000                g_pfnVectors
                0x08000194                        . = ALIGN (0x4)

.text           0x080001a0     0x4ec4
                0x080001a0                        . = ALIGN (0x4)
 *(.text)
 .text          0x080001a0       0x40 D:/Program Files/STM32CubeIDE_2.1.1/STM32CubeIDE/plugins/com.st.stm32cube.ide.mcu.externaltools.gnu-tools-for-stm32.13.3.rel1.win32_1.0.100.202509120712/tools/bin/../lib/gcc/arm-none-eabi/13.3.1/thumb/v7e-m+fp/hard/crtbegin.o
 .text          0x080001e0       0xa0 D:/Program Files/STM32CubeIDE_2.1.1/STM32CubeIDE/plugins/com.st.stm32cube.ide.mcu.externaltools.gnu-tools-for-stm32.13.3.rel1.win32_1.0.100.202509120712/tools/bin/../lib/gcc/arm-none-eabi/13.3.1/../../../../arm-none-eabi/lib/thumb/v7e-m+fp/hard\libc_nano.a(libc_a-memchr.o)
                0x080001e0                memchr
 *(.text*)
 .text.SystemClock_Config
                0x08000280       0xbc ./Core/Src/main.o
                0x08000280                SystemClock_Config
 .text.MX_CAN_Init
                0x0800033c      0x100 ./Core/Src/main.o
 .text.MX_USART2_UART_Init
                0x0800043c       0x60 ./Core/Src/main.o
 .text.MX_GPIO_Init
                0x0800049c      0x148 ./Core/Src/main.o
 .text.HAL_CAN_RxFifo0MsgPendingCallback
                0x080005e4       0x30 ./Core/Src/main.o
                0x080005e4                HAL_CAN_RxFifo0MsgPendingCallback
 .text.HAL_GPIO_EXTI_Callback
                0x08000614       0x84 ./Core/Src/main.o
                0x08000614                HAL_GPIO_EXTI_Callback
 .text.Error_Handler
                0x08000698        0xc ./Core/Src/main.o
                0x08000698                Error_Handler
 .text.main     0x080006a4      0x2bc ./Core/Src/main.o
                0x080006a4                main
 .text.HAL_MspInit
                0x08000960       0x48 ./Core/Src/stm32f3xx_hal_msp.o
                0x08000960                HAL_MspInit
 .text.HAL_CAN_MspInit
                0x080009a8       0x98 ./Core/Src/stm32f3xx_hal_msp.o
                0x080009a8                HAL_CAN_MspInit
 .text.HAL_UART_MspInit
                0x08000a40       0x84 ./Core/Src/stm32f3xx_hal_msp.o
                0x08000a40                HAL_UART_MspInit
 .text.NMI_Handler
                0x08000ac4        0x8 ./Core/Src/stm32f3xx_it.o
                0x08000ac4                NMI_Handler
 .text.HardFault_Handler
                0x08000acc        0x8 ./Core/Src/stm32f3xx_it.o
                0x08000acc                HardFault_Handler
 .text.MemManage_Handler
                0x08000ad4        0x8 ./Core/Src/stm32f3xx_it.o
                0x08000ad4                MemManage_Handler
 .text.BusFault_Handler
                0x08000adc        0x8 ./Core/Src/stm32f3xx_it.o
                0x08000adc                BusFault_Handler
 .text.UsageFault_Handler
                0x08000ae4        0x8 ./Core/Src/stm32f3xx_it.o
                0x08000ae4                UsageFault_Handler
 .text.SVC_Handler
                0x08000aec        0xe ./Core/Src/stm32f3xx_it.o
                0x08000aec                SVC_Handler
 .text.DebugMon_Handler
                0x08000afa        0xe ./Core/Src/stm32f3xx_it.o
                0x08000afa                DebugMon_Handler
 .text.PendSV_Handler
                0x08000b08        0xe ./Core/Src/stm32f3xx_it.o
                0x08000b08                PendSV_Handler
 .text.SysTick_Handler
                0x08000b16        0xc ./Core/Src/stm32f3xx_it.o
                0x08000b16                SysTick_Handler
 *fill*         0x08000b22        0x2 
 .text.USB_LP_CAN_RX0_IRQHandler
                0x08000b24       0x14 ./Core/Src/stm32f3xx_it.o
                0x08000b24                USB_LP_CAN_RX0_IRQHandler
 .text.EXTI15_10_IRQHandler
                0x08000b38       0x28 ./Core/Src/stm32f3xx_it.o
                0x08000b38                EXTI15_10_IRQHandler
 .text._read    0x08000b60       0x3a ./Core/Src/syscalls.o
                0x08000b60                _read
 .text._write   0x08000b9a       0x38 ./Core/Src/syscalls.o
                0x08000b9a                _write
 .text._close   0x08000bd2       0x18 ./Core/Src/syscalls.o
                0x08000bd2                _close
 .text._fstat   0x08000bea       0x20 ./Core/Src/syscalls.o
                0x08000bea                _fstat
 .text._isatty  0x08000c0a       0x16 ./Core/Src/syscalls.o
                0x08000c0a                _isatty
 .text._lseek   0x08000c20       0x1a ./Core/Src/syscalls.o
                0x08000c20                _lseek
 *fill*         0x08000c3a        0x2 
 .text._sbrk    0x08000c3c       0x6c ./Core/Src/sysmem.o
                0x08000c3c                _sbrk
 .text.SystemInit
                0x08000ca8       0x24 ./Core/Src/system_stm32f3xx.o
                0x08000ca8                SystemInit
 .text.Reset_Handler
                0x08000ccc       0x50 ./Core/Startup/startup_stm32f303retx.o
                0x08000ccc                Reset_Handler
 .text.Default_Handler
                0x08000d1c        0x2 ./Core/Startup/startup_stm32f303retx.o
                0x08000d1c                RTC_Alarm_IRQHandler
                0x08000d1c                TIM8_TRG_COM_IRQHandler
                0x08000d1c                TIM8_CC_IRQHandler
                0x08000d1c                SPI4_IRQHandler
                0x08000d1c                TIM1_CC_IRQHandler
                0x08000d1c                USB_HP_IRQHandler
                0x08000d1c                PVD_IRQHandler
                0x08000d1c                TAMP_STAMP_IRQHandler
                0x08000d1c                EXTI3_IRQHandler
                0x08000d1c                I2C3_ER_IRQHandler
                0x08000d1c                USB_HP_CAN_TX_IRQHandler
                0x08000d1c                EXTI0_IRQHandler
                0x08000d1c                I2C2_EV_IRQHandler
                0x08000d1c                FPU_IRQHandler
                0x08000d1c                TIM1_UP_TIM16_IRQHandler
                0x08000d1c                ADC1_2_IRQHandler
                0x08000d1c                SPI1_IRQHandler
                0x08000d1c                CAN_SCE_IRQHandler
                0x08000d1c                TIM6_DAC_IRQHandler
                0x08000d1c                TIM8_UP_IRQHandler
                0x08000d1c                DMA2_Channel2_IRQHandler
                0x08000d1c                DMA1_Channel4_IRQHandler
                0x08000d1c                TIM20_TRG_COM_IRQHandler
                0x08000d1c                USART3_IRQHandler
                0x08000d1c                DMA1_Channel7_IRQHandler
                0x08000d1c                UART5_IRQHandler
                0x08000d1c                ADC3_IRQHandler
                0x08000d1c                TIM4_IRQHandler
                0x08000d1c                CAN_RX1_IRQHandler
                0x08000d1c                DMA2_Channel1_IRQHandler
                0x08000d1c                I2C1_EV_IRQHandler
                0x08000d1c                DMA1_Channel6_IRQHandler
                0x08000d1c                UART4_IRQHandler
                0x08000d1c                DMA2_Channel4_IRQHandler
                0x08000d1c                TIM3_IRQHandler
                0x08000d1c                RCC_IRQHandler
                0x08000d1c                TIM20_UP_IRQHandler
                0x08000d1c                DMA1_Channel1_IRQHandler
                0x08000d1c                Default_Handler
                0x08000d1c                USBWakeUp_RMP_IRQHandler
                0x08000d1c                TIM7_IRQHandler
                0x08000d1c                I2C3_EV_IRQHandler
                0x08000d1c                EXTI9_5_IRQHandler
                0x08000d1c                RTC_WKUP_IRQHandler
                0x08000d1c                SPI2_IRQHandler
                0x08000d1c                DMA2_Channel5_IRQHandler
                0x08000d1c                DMA1_Channel5_IRQHandler
                0x08000d1c                USB_LP_IRQHandler
                0x08000d1c                EXTI4_IRQHandler
                0x08000d1c                TIM1_TRG_COM_TIM17_IRQHandler
                0x08000d1c                DMA1_Channel3_IRQHandler
                0x08000d1c                ADC4_IRQHandler
                0x08000d1c                WWDG_IRQHandler
                0x08000d1c                TIM2_IRQHandler
                0x08000d1c                COMP7_IRQHandler
                0x08000d1c                COMP1_2_3_IRQHandler
                0x08000d1c                EXTI1_IRQHandler
                0x08000d1c                USART2_IRQHandler
                0x08000d1c                COMP4_5_6_IRQHandler
                0x08000d1c                TIM20_BRK_IRQHandler
                0x08000d1c                I2C2_ER_IRQHandler
                0x08000d1c                DMA1_Channel2_IRQHandler
                0x08000d1c                TIM8_BRK_IRQHandler
                0x08000d1c                FLASH_IRQHandler
                0x08000d1c                TIM20_CC_IRQHandler
                0x08000d1c                USART1_IRQHandler
                0x08000d1c                SPI3_IRQHandler
                0x08000d1c                I2C1_ER_IRQHandler
                0x08000d1c                FMC_IRQHandler
                0x08000d1c                USBWakeUp_IRQHandler
                0x08000d1c                DMA2_Channel3_IRQHandler
                0x08000d1c                EXTI2_TSC_IRQHandler
                0x08000d1c                TIM1_BRK_TIM15_IRQHandler
 *fill*         0x08000d1e        0x2 
 .text.HAL_Init
                0x08000d20       0x2c ./Drivers/STM32F3xx_HAL_Driver/Src/stm32f3xx_hal.o
                0x08000d20                HAL_Init
 .text.HAL_InitTick
                0x08000d4c       0x60 ./Drivers/STM32F3xx_HAL_Driver/Src/stm32f3xx_hal.o
                0x08000d4c                HAL_InitTick
 .text.HAL_IncTick
                0x08000dac       0x28 ./Drivers/STM32F3xx_HAL_Driver/Src/stm32f3xx_hal.o
                0x08000dac                HAL_IncTick
 .text.HAL_GetTick
                0x08000dd4       0x18 ./Drivers/STM32F3xx_HAL_Driver/Src/stm32f3xx_hal.o
                0x08000dd4                HAL_GetTick
 .text.HAL_Delay
                0x08000dec       0x48 ./Drivers/STM32F3xx_HAL_Driver/Src/stm32f3xx_hal.o
                0x08000dec                HAL_Delay
 .text.HAL_CAN_Init
                0x08000e34      0x1f6 ./Drivers/STM32F3xx_HAL_Driver/Src/stm32f3xx_hal_can.o
                0x08000e34                HAL_CAN_Init
 .text.HAL_CAN_ConfigFilter
                0x0800102a      0x194 ./Drivers/STM32F3xx_HAL_Driver/Src/stm32f3xx_hal_can.o
                0x0800102a                HAL_CAN_ConfigFilter
 .text.HAL_CAN_Start
                0x080011be       0x88 ./Drivers/STM32F3xx_HAL_Driver/Src/stm32f3xx_hal_can.o
                0x080011be                HAL_CAN_Start
 .text.HAL_CAN_AddTxMessage
                0x08001246      0x1a0 ./Drivers/STM32F3xx_HAL_Driver/Src/stm32f3xx_hal_can.o
                0x08001246                HAL_CAN_AddTxMessage
 .text.HAL_CAN_GetRxMessage
                0x080013e6      0x244 ./Drivers/STM32F3xx_HAL_Driver/Src/stm32f3xx_hal_can.o
                0x080013e6                HAL_CAN_GetRxMessage
 .text.HAL_CAN_ActivateNotification
                0x0800162a       0x4c ./Drivers/STM32F3xx_HAL_Driver/Src/stm32f3xx_hal_can.o
                0x0800162a                HAL_CAN_ActivateNotification
 .text.HAL_CAN_IRQHandler
                0x08001676      0x36e ./Drivers/STM32F3xx_HAL_Driver/Src/stm32f3xx_hal_can.o
                0x08001676                HAL_CAN_IRQHandler
 .text.HAL_CAN_TxMailbox0CompleteCallback
                0x080019e4       0x14 ./Drivers/STM32F3xx_HAL_Driver/Src/stm32f3xx_hal_can.o
                0x080019e4                HAL_CAN_TxMailbox0CompleteCallback
 .text.HAL_CAN_TxMailbox1CompleteCallback
                0x080019f8       0x14 ./Drivers/STM32F3xx_HAL_Driver/Src/stm32f3xx_hal_can.o
                0x080019f8                HAL_CAN_TxMailbox1CompleteCallback
 .text.HAL_CAN_TxMailbox2CompleteCallback
                0x08001a0c       0x14 ./Drivers/STM32F3xx_HAL_Driver/Src/stm32f3xx_hal_can.o
                0x08001a0c                HAL_CAN_TxMailbox2CompleteCallback
 .text.HAL_CAN_TxMailbox0AbortCallback
                0x08001a20       0x14 ./Drivers/STM32F3xx_HAL_Driver/Src/stm32f3xx_hal_can.o
                0x08001a20                HAL_CAN_TxMailbox0AbortCallback
 .text.HAL_CAN_TxMailbox1AbortCallback
                0x08001a34       0x14 ./Drivers/STM32F3xx_HAL_Driver/Src/stm32f3xx_hal_can.o
                0x08001a34                HAL_CAN_TxMailbox1AbortCallback
 .text.HAL_CAN_TxMailbox2AbortCallback
                0x08001a48       0x14 ./Drivers/STM32F3xx_HAL_Driver/Src/stm32f3xx_hal_can.o
                0x08001a48                HAL_CAN_TxMailbox2AbortCallback
 .text.HAL_CAN_RxFifo0FullCallback
                0x08001a5c       0x14 ./Drivers/STM32F3xx_HAL_Driver/Src/stm32f3xx_hal_can.o
                0x08001a5c                HAL_CAN_RxFifo0FullCallback
 .text.HAL_CAN_RxFifo1MsgPendingCallback
                0x08001a70       0x14 ./Drivers/STM32F3xx_HAL_Driver/Src/stm32f3xx_hal_can.o
                0x08001a70                HAL_CAN_RxFifo1MsgPendingCallback
 .text.HAL_CAN_RxFifo1FullCallback
                0x08001a84       0x14 ./Drivers/STM32F3xx_HAL_Driver/Src/stm32f3xx_hal_can.o
                0x08001a84                HAL_CAN_RxFifo1FullCallback
 .text.HAL_CAN_SleepCallback
                0x08001a98       0x14 ./Drivers/STM32F3xx_HAL_Driver/Src/stm32f3xx_hal_can.o
                0x08001a98                HAL_CAN_SleepCallback
 .text.HAL_CAN_WakeUpFromRxMsgCallback
                0x08001aac       0x14 ./Drivers/STM32F3xx_HAL_Driver/Src/stm32f3xx_hal_can.o
                0x08001aac                HAL_CAN_WakeUpFromRxMsgCallback
 .text.HAL_CAN_ErrorCallback
                0x08001ac0       0x14 ./Drivers/STM32F3xx_HAL_Driver/Src/stm32f3xx_hal_can.o
                0x08001ac0                HAL_CAN_ErrorCallback
 .text.__NVIC_SetPriorityGrouping
                0x08001ad4       0x48 ./Drivers/STM32F3xx_HAL_Driver/Src/stm32f3xx_hal_cortex.o
 .text.__NVIC_GetPriorityGrouping
                0x08001b1c       0x1c ./Drivers/STM32F3xx_HAL_Driver/Src/stm32f3xx_hal_cortex.o
 .text.__NVIC_EnableIRQ
                0x08001b38       0x3c ./Drivers/STM32F3xx_HAL_Driver/Src/stm32f3xx_hal_cortex.o
 .text.__NVIC_SetPriority
                0x08001b74       0x54 ./Drivers/STM32F3xx_HAL_Driver/Src/stm32f3xx_hal_cortex.o
 .text.NVIC_EncodePriority
                0x08001bc8       0x66 ./Drivers/STM32F3xx_HAL_Driver/Src/stm32f3xx_hal_cortex.o
 *fill*         0x08001c2e        0x2 
 .text.SysTick_Config
                0x08001c30       0x44 ./Drivers/STM32F3xx_HAL_Driver/Src/stm32f3xx_hal_cortex.o
 .text.HAL_NVIC_SetPriorityGrouping
                0x08001c74       0x16 ./Drivers/STM32F3xx_HAL_Driver/Src/stm32f3xx_hal_cortex.o
                0x08001c74                HAL_NVIC_SetPriorityGrouping
 .text.HAL_NVIC_SetPriority
                0x08001c8a       0x38 ./Drivers/STM32F3xx_HAL_Driver/Src/stm32f3xx_hal_cortex.o
                0x08001c8a                HAL_NVIC_SetPriority
 .text.HAL_NVIC_EnableIRQ
                0x08001cc2       0x1c ./Drivers/STM32F3xx_HAL_Driver/Src/stm32f3xx_hal_cortex.o
                0x08001cc2                HAL_NVIC_EnableIRQ
 .text.HAL_SYSTICK_Config
                0x08001cde       0x18 ./Drivers/STM32F3xx_HAL_Driver/Src/stm32f3xx_hal_cortex.o
                0x08001cde                HAL_SYSTICK_Config
 *fill*         0x08001cf6        0x2 
 .text.HAL_GPIO_Init
                0x08001cf8      0x314 ./Drivers/STM32F3xx_HAL_Driver/Src/stm32f3xx_hal_gpio.o
                0x08001cf8                HAL_GPIO_Init
 .text.HAL_GPIO_ReadPin
                0x0800200c       0x30 ./Drivers/STM32F3xx_HAL_Driver/Src/stm32f3xx_hal_gpio.o
                0x0800200c                HAL_GPIO_ReadPin
 .text.HAL_GPIO_WritePin
                0x0800203c       0x30 ./Drivers/STM32F3xx_HAL_Driver/Src/stm32f3xx_hal_gpio.o
                0x0800203c                HAL_GPIO_WritePin
 .text.HAL_GPIO_TogglePin
                0x0800206c       0x34 ./Drivers/STM32F3xx_HAL_Driver/Src/stm32f3xx_hal_gpio.o
                0x0800206c                HAL_GPIO_TogglePin
 .text.HAL_GPIO_EXTI_IRQHandler
                0x080020a0       0x30 ./Drivers/STM32F3xx_HAL_Driver/Src/stm32f3xx_hal_gpio.o
                0x080020a0                HAL_GPIO_EXTI_IRQHandler
 .text.HAL_RCC_OscConfig
                0x080020d0     0x1048 ./Drivers/STM32F3xx_HAL_Driver/Src/stm32f3xx_hal_rcc.o
                0x080020d0                HAL_RCC_OscConfig
 .text.HAL_RCC_ClockConfig
                0x08003118      0x2dc ./Drivers/STM32F3xx_HAL_Driver/Src/stm32f3xx_hal_rcc.o
                0x08003118                HAL_RCC_ClockConfig
 .text.HAL_RCC_GetSysClockFreq
                0x080033f4       0xa8 ./Drivers/STM32F3xx_HAL_Driver/Src/stm32f3xx_hal_rcc.o
                0x080033f4                HAL_RCC_GetSysClockFreq
 .text.HAL_RCC_GetHCLKFreq
                0x0800349c       0x18 ./Drivers/STM32F3xx_HAL_Driver/Src/stm32f3xx_hal_rcc.o
                0x0800349c                HAL_RCC_GetHCLKFreq
 .text.HAL_RCC_GetPCLK1Freq
                0x080034b4       0x44 ./Drivers/STM32F3xx_HAL_Driver/Src/stm32f3xx_hal_rcc.o
                0x080034b4                HAL_RCC_GetPCLK1Freq
 .text.HAL_RCC_GetPCLK2Freq
                0x080034f8       0x44 ./Drivers/STM32F3xx_HAL_Driver/Src/stm32f3xx_hal_rcc.o
                0x080034f8                HAL_RCC_GetPCLK2Freq
 .text.HAL_RCCEx_PeriphCLKConfig
                0x0800353c      0x438 ./Drivers/STM32F3xx_HAL_Driver/Src/stm32f3xx_hal_rcc_ex.o
                0x0800353c                HAL_RCCEx_PeriphCLKConfig
 .text.HAL_UART_Init
                0x08003974       0x9c ./Drivers/STM32F3xx_HAL_Driver/Src/stm32f3xx_hal_uart.o
                0x08003974                HAL_UART_Init
 .text.UART_SetConfig
                0x08003a10      0x3a8 ./Drivers/STM32F3xx_HAL_Driver/Src/stm32f3xx_hal_uart.o
                0x08003a10                UART_SetConfig
 .text.UART_AdvFeatureConfig
                0x08003db8      0x144 ./Drivers/STM32F3xx_HAL_Driver/Src/stm32f3xx_hal_uart.o
                0x08003db8                UART_AdvFeatureConfig
 .text.UART_CheckIdleState
                0x08003efc      0x150 ./Drivers/STM32F3xx_HAL_Driver/Src/stm32f3xx_hal_uart.o
                0x08003efc                UART_CheckIdleState
 .text.UART_WaitOnFlagUntilTimeout
                0x0800404c       0xda ./Drivers/STM32F3xx_HAL_Driver/Src/stm32f3xx_hal_uart.o
                0x0800404c                UART_WaitOnFlagUntilTimeout
 .text.UART_EndRxTransfer
                0x08004126       0xc8 ./Drivers/STM32F3xx_HAL_Driver/Src/stm32f3xx_hal_uart.o
 *fill*         0x080041ee        0x2 
 .text.std      0x080041f0       0x6c D:/Program Files/STM32CubeIDE_2.1.1/STM32CubeIDE/plugins/com.st.stm32cube.ide.mcu.externaltools.gnu-tools-for-stm32.13.3.rel1.win32_1.0.100.202509120712/tools/bin/../lib/gcc/arm-none-eabi/13.3.1/../../../../arm-none-eabi/lib/thumb/v7e-m+fp/hard\libc_nano.a(libc_a-findfp.o)
 .text.stdio_exit_handler
                0x0800425c       0x18 D:/Program Files/STM32CubeIDE_2.1.1/STM32CubeIDE/plugins/com.st.stm32cube.ide.mcu.externaltools.gnu-tools-for-stm32.13.3.rel1.win32_1.0.100.202509120712/tools/bin/../lib/gcc/arm-none-eabi/13.3.1/../../../../arm-none-eabi/lib/thumb/v7e-m+fp/hard\libc_nano.a(libc_a-findfp.o)
 .text.cleanup_stdio
                0x08004274       0x40 D:/Program Files/STM32CubeIDE_2.1.1/STM32CubeIDE/plugins/com.st.stm32cube.ide.mcu.externaltools.gnu-tools-for-stm32.13.3.rel1.win32_1.0.100.202509120712/tools/bin/../lib/gcc/arm-none-eabi/13.3.1/../../../../arm-none-eabi/lib/thumb/v7e-m+fp/hard\libc_nano.a(libc_a-findfp.o)
 .text.global_stdio_init.part.0
                0x080042b4       0x3c D:/Program Files/STM32CubeIDE_2.1.1/STM32CubeIDE/plugins/com.st.stm32cube.ide.mcu.externaltools.gnu-tools-for-stm32.13.3.rel1.win32_1.0.100.202509120712/tools/bin/../lib/gcc/arm-none-eabi/13.3.1/../../../../arm-none-eabi/lib/thumb/v7e-m+fp/hard\libc_nano.a(libc_a-findfp.o)
 .text.__sfp_lock_acquire
                0x080042f0        0xc D:/Program Files/STM32CubeIDE_2.1.1/STM32CubeIDE/plugins/com.st.stm32cube.ide.mcu.externaltools.gnu-tools-for-stm32.13.3.rel1.win32_1.0.100.202509120712/tools/bin/../lib/gcc/arm-none-eabi/13.3.1/../../../../arm-none-eabi/lib/thumb/v7e-m+fp/hard\libc_nano.a(libc_a-findfp.o)
                0x080042f0                __sfp_lock_acquire
 .text.__sfp_lock_release
                0x080042fc        0xc D:/Program Files/STM32CubeIDE_2.1.1/STM32CubeIDE/plugins/com.st.stm32cube.ide.mcu.externaltools.gnu-tools-for-stm32.13.3.rel1.win32_1.0.100.202509120712/tools/bin/../lib/gcc/arm-none-eabi/13.3.1/../../../../arm-none-eabi/lib/thumb/v7e-m+fp/hard\libc_nano.a(libc_a-findfp.o)
                0x080042fc                __sfp_lock_release
 .text.__sinit  0x08004308       0x30 D:/Program Files/STM32CubeIDE_2.1.1/STM32CubeIDE/plugins/com.st.stm32cube.ide.mcu.externaltools.gnu-tools-for-stm32.13.3.rel1.win32_1.0.100.202509120712/tools/bin/../lib/gcc/arm-none-eabi/13.3.1/../../../../arm-none-eabi/lib/thumb/v7e-m+fp/hard\libc_nano.a(libc_a-findfp.o)
                0x08004308                __sinit
 .text._fwalk_sglue
                0x08004338       0x3c D:/Program Files/STM32CubeIDE_2.1.1/STM32CubeIDE/plugins/com.st.stm32cube.ide.mcu.externaltools.gnu-tools-for-stm32.13.3.rel1.win32_1.0.100.202509120712/tools/bin/../lib/gcc/arm-none-eabi/13.3.1/../../../../arm-none-eabi/lib/thumb/v7e-m+fp/hard\libc_nano.a(libc_a-fwalk.o)
                0x08004338                _fwalk_sglue
 .text.printf   0x08004374       0x24 D:/Program Files/STM32CubeIDE_2.1.1/STM32CubeIDE/plugins/com.st.stm32cube.ide.mcu.externaltools.gnu-tools-for-stm32.13.3.rel1.win32_1.0.100.202509120712/tools/bin/../lib/gcc/arm-none-eabi/13.3.1/../../../../arm-none-eabi/lib/thumb/v7e-m+fp/hard\libc_nano.a(libc_a-printf.o)
                0x08004374                iprintf
                0x08004374                printf
 .text.__sread  0x08004398       0x22 D:/Program Files/STM32CubeIDE_2.1.1/STM32CubeIDE/plugins/com.st.stm32cube.ide.mcu.externaltools.gnu-tools-for-stm32.13.3.rel1.win32_1.0.100.202509120712/tools/bin/../lib/gcc/arm-none-eabi/13.3.1/../../../../arm-none-eabi/lib/thumb/v7e-m+fp/hard\libc_nano.a(libc_a-stdio.o)
                0x08004398                __sread
 .text.__swrite
                0x080043ba       0x38 D:/Program Files/STM32CubeIDE_2.1.1/STM32CubeIDE/plugins/com.st.stm32cube.ide.mcu.externaltools.gnu-tools-for-stm32.13.3.rel1.win32_1.0.100.202509120712/tools/bin/../lib/gcc/arm-none-eabi/13.3.1/../../../../arm-none-eabi/lib/thumb/v7e-m+fp/hard\libc_nano.a(libc_a-stdio.o)
                0x080043ba                __swrite
 .text.__sseek  0x080043f2       0x24 D:/Program Files/STM32CubeIDE_2.1.1/STM32CubeIDE/plugins/com.st.stm32cube.ide.mcu.externaltools.gnu-tools-for-stm32.13.3.rel1.win32_1.0.100.202509120712/tools/bin/../lib/gcc/arm-none-eabi/13.3.1/../../../../arm-none-eabi/lib/thumb/v7e-m+fp/hard\libc_nano.a(libc_a-stdio.o)
                0x080043f2                __sseek
 .text.__sclose
                0x08004416        0x8 D:/Program Files/STM32CubeIDE_2.1.1/STM32CubeIDE/plugins/com.st.stm32cube.ide.mcu.externaltools.gnu-tools-for-stm32.13.3.rel1.win32_1.0.100.202509120712/tools/bin/../lib/gcc/arm-none-eabi/13.3.1/../../../../arm-none-eabi/lib/thumb/v7e-m+fp/hard\libc_nano.a(libc_a-stdio.o)
                0x08004416                __sclose
 .text.memset   0x0800441e       0x10 D:/Program Files/STM32CubeIDE_2.1.1/STM32CubeIDE/plugins/com.st.stm32cube.ide.mcu.externaltools.gnu-tools-for-stm32.13.3.rel1.win32_1.0.100.202509120712/tools/bin/../lib/gcc/arm-none-eabi/13.3.1/../../../../arm-none-eabi/lib/thumb/v7e-m+fp/hard\libc_nano.a(libc_a-memset.o)
                0x0800441e                memset
 *fill*         0x0800442e        0x2 
 .text._close_r
                0x08004430       0x20 D:/Program Files/STM32CubeIDE_2.1.1/STM32CubeIDE/plugins/com.st.stm32cube.ide.mcu.externaltools.gnu-tools-for-stm32.13.3.rel1.win32_1.0.100.202509120712/tools/bin/../lib/gcc/arm-none-eabi/13.3.1/../../../../arm-none-eabi/lib/thumb/v7e-m+fp/hard\libc_nano.a(libc_a-closer.o)
                0x08004430                _close_r
 .text._lseek_r
                0x08004450       0x24 D:/Program Files/STM32CubeIDE_2.1.1/STM32CubeIDE/plugins/com.st.stm32cube.ide.mcu.externaltools.gnu-tools-for-stm32.13.3.rel1.win32_1.0.100.202509120712/tools/bin/../lib/gcc/arm-none-eabi/13.3.1/../../../../arm-none-eabi/lib/thumb/v7e-m+fp/hard\libc_nano.a(libc_a-lseekr.o)
                0x08004450                _lseek_r
 .text._read_r  0x08004474       0x24 D:/Program Files/STM32CubeIDE_2.1.1/STM32CubeIDE/plugins/com.st.stm32cube.ide.mcu.externaltools.gnu-tools-for-stm32.13.3.rel1.win32_1.0.100.202509120712/tools/bin/../lib/gcc/arm-none-eabi/13.3.1/../../../../arm-none-eabi/lib/thumb/v7e-m+fp/hard\libc_nano.a(libc_a-readr.o)
                0x08004474                _read_r
 .text._write_r
                0x08004498       0x24 D:/Program Files/STM32CubeIDE_2.1.1/STM32CubeIDE/plugins/com.st.stm32cube.ide.mcu.externaltools.gnu-tools-for-stm32.13.3.rel1.win32_1.0.100.202509120712/tools/bin/../lib/gcc/arm-none-eabi/13.3.1/../../../../arm-none-eabi/lib/thumb/v7e-m+fp/hard\libc_nano.a(libc_a-writer.o)
                0x08004498                _write_r
 .text.__errno  0x080044bc        0xc D:/Program Files/STM32CubeIDE_2.1.1/STM32CubeIDE/plugins/com.st.stm32cube.ide.mcu.externaltools.gnu-tools-for-stm32.13.3.rel1.win32_1.0.100.202509120712/tools/bin/../lib/gcc/arm-none-eabi/13.3.1/../../../../arm-none-eabi/lib/thumb/v7e-m+fp/hard\libc_nano.a(libc_a-errno.o)
                0x080044bc                __errno
 .text.__libc_init_array
                0x080044c8       0x48 D:/Program Files/STM32CubeIDE_2.1.1/STM32CubeIDE/plugins/com.st.stm32cube.ide.mcu.externaltools.gnu-tools-for-stm32.13.3.rel1.win32_1.0.100.202509120712/tools/bin/../lib/gcc/arm-none-eabi/13.3.1/../../../../arm-none-eabi/lib/thumb/v7e-m+fp/hard\libc_nano.a(libc_a-init.o)
                0x080044c8                __libc_init_array
 .text.__retarget_lock_init_recursive
                0x08004510        0x2 D:/Program Files/STM32CubeIDE_2.1.1/STM32CubeIDE/plugins/com.st.stm32cube.ide.mcu.externaltools.gnu-tools-for-stm32.13.3.rel1.win32_1.0.100.202509120712/tools/bin/../lib/gcc/arm-none-eabi/13.3.1/../../../../arm-none-eabi/lib/thumb/v7e-m+fp/hard\libc_nano.a(libc_a-lock.o)
                0x08004510                __retarget_lock_init_recursive
 .text.__retarget_lock_acquire_recursive
                0x08004512        0x2 D:/Program Files/STM32CubeIDE_2.1.1/STM32CubeIDE/plugins/com.st.stm32cube.ide.mcu.externaltools.gnu-tools-for-stm32.13.3.rel1.win32_1.0.100.202509120712/tools/bin/../lib/gcc/arm-none-eabi/13.3.1/../../../../arm-none-eabi/lib/thumb/v7e-m+fp/hard\libc_nano.a(libc_a-lock.o)
                0x08004512                __retarget_lock_acquire_recursive
 .text.__retarget_lock_release_recursive
                0x08004514        0x2 D:/Program Files/STM32CubeIDE_2.1.1/STM32CubeIDE/plugins/com.st.stm32cube.ide.mcu.externaltools.gnu-tools-for-stm32.13.3.rel1.win32_1.0.100.202509120712/tools/bin/../lib/gcc/arm-none-eabi/13.3.1/../../../../arm-none-eabi/lib/thumb/v7e-m+fp/hard\libc_nano.a(libc_a-lock.o)
                0x08004514                __retarget_lock_release_recursive
 *fill*         0x08004516        0x2 
 .text._free_r  0x08004518       0x94 D:/Program Files/STM32CubeIDE_2.1.1/STM32CubeIDE/plugins/com.st.stm32cube.ide.mcu.externaltools.gnu-tools-for-stm32.13.3.rel1.win32_1.0.100.202509120712/tools/bin/../lib/gcc/arm-none-eabi/13.3.1/../../../../arm-none-eabi/lib/thumb/v7e-m+fp/hard\libc_nano.a(libc_a-freer.o)
                0x08004518                _free_r
 .text.sbrk_aligned
                0x080045ac       0x44 D:/Program Files/STM32CubeIDE_2.1.1/STM32CubeIDE/plugins/com.st.stm32cube.ide.mcu.externaltools.gnu-tools-for-stm32.13.3.rel1.win32_1.0.100.202509120712/tools/bin/../lib/gcc/arm-none-eabi/13.3.1/../../../../arm-none-eabi/lib/thumb/v7e-m+fp/hard\libc_nano.a(libc_a-mallocr.o)
 .text._malloc_r
                0x080045f0      0x100 D:/Program Files/STM32CubeIDE_2.1.1/STM32CubeIDE/plugins/com.st.stm32cube.ide.mcu.externaltools.gnu-tools-for-stm32.13.3.rel1.win32_1.0.100.202509120712/tools/bin/../lib/gcc/arm-none-eabi/13.3.1/../../../../arm-none-eabi/lib/thumb/v7e-m+fp/hard\libc_nano.a(libc_a-mallocr.o)
                0x080045f0                _malloc_r
 .text.__malloc_lock
                0x080046f0        0xc D:/Program Files/STM32CubeIDE_2.1.1/STM32CubeIDE/plugins/com.st.stm32cube.ide.mcu.externaltools.gnu-tools-for-stm32.13.3.rel1.win32_1.0.100.202509120712/tools/bin/../lib/gcc/arm-none-eabi/13.3.1/../../../../arm-none-eabi/lib/thumb/v7e-m+fp/hard\libc_nano.a(libc_a-mlock.o)
                0x080046f0                __malloc_lock
 .text.__malloc_unlock
                0x080046fc        0xc D:/Program Files/STM32CubeIDE_2.1.1/STM32CubeIDE/plugins/com.st.stm32cube.ide.mcu.externaltools.gnu-tools-for-stm32.13.3.rel1.win32_1.0.100.202509120712/tools/bin/../lib/gcc/arm-none-eabi/13.3.1/../../../../arm-none-eabi/lib/thumb/v7e-m+fp/hard\libc_nano.a(libc_a-mlock.o)
                0x080046fc                __malloc_unlock
 .text.__sfputc_r
                0x08004708       0x2e D:/Program Files/STM32CubeIDE_2.1.1/STM32CubeIDE/plugins/com.st.stm32cube.ide.mcu.externaltools.gnu-tools-for-stm32.13.3.rel1.win32_1.0.100.202509120712/tools/bin/../lib/gcc/arm-none-eabi/13.3.1/../../../../arm-none-eabi/lib/thumb/v7e-m+fp/hard\libc_nano.a(libc_a-nano-vfprintf.o)
 .text.__sfputs_r
                0x08004736       0x24 D:/Program Files/STM32CubeIDE_2.1.1/STM32CubeIDE/plugins/com.st.stm32cube.ide.mcu.externaltools.gnu-tools-for-stm32.13.3.rel1.win32_1.0.100.202509120712/tools/bin/../lib/gcc/arm-none-eabi/13.3.1/../../../../arm-none-eabi/lib/thumb/v7e-m+fp/hard\libc_nano.a(libc_a-nano-vfprintf.o)
                0x08004736                __sfputs_r
 *fill*         0x0800475a        0x2 
 .text._vfprintf_r
                0x0800475c      0x230 D:/Program Files/STM32CubeIDE_2.1.1/STM32CubeIDE/plugins/com.st.stm32cube.ide.mcu.externaltools.gnu-tools-for-stm32.13.3.rel1.win32_1.0.100.202509120712/tools/bin/../lib/gcc/arm-none-eabi/13.3.1/../../../../arm-none-eabi/lib/thumb/v7e-m+fp/hard\libc_nano.a(libc_a-nano-vfprintf.o)
                0x0800475c                _vfprintf_r
                0x0800475c                _vfiprintf_r
 .text._printf_common
                0x0800498c       0xda D:/Program Files/STM32CubeIDE_2.1.1/STM32CubeIDE/plugins/com.st.stm32cube.ide.mcu.externaltools.gnu-tools-for-stm32.13.3.rel1.win32_1.0.100.202509120712/tools/bin/../lib/gcc/arm-none-eabi/13.3.1/../../../../arm-none-eabi/lib/thumb/v7e-m+fp/hard\libc_nano.a(libc_a-nano-vfprintf_i.o)
                0x0800498c                _printf_common
 *fill*         0x08004a66        0x2 
 .text._printf_i
                0x08004a68      0x23c D:/Program Files/STM32CubeIDE_2.1.1/STM32CubeIDE/plugins/com.st.stm32cube.ide.mcu.externaltools.gnu-tools-for-stm32.13.3.rel1.win32_1.0.100.202509120712/tools/bin/../lib/gcc/arm-none-eabi/13.3.1/../../../../arm-none-eabi/lib/thumb/v7e-m+fp/hard\libc_nano.a(libc_a-nano-vfprintf_i.o)
                0x08004a68                _printf_i
 .text.__sflush_r
                0x08004ca4      0x108 D:/Program Files/STM32CubeIDE_2.1.1/STM32CubeIDE/plugins/com.st.stm32cube.ide.mcu.externaltools.gnu-tools-for-stm32.13.3.rel1.win32_1.0.100.202509120712/tools/bin/../lib/gcc/arm-none-eabi/13.3.1/../../../../arm-none-eabi/lib/thumb/v7e-m+fp/hard\libc_nano.a(libc_a-fflush.o)
                0x08004ca4                __sflush_r
 .text._fflush_r
                0x08004dac       0x50 D:/Program Files/STM32CubeIDE_2.1.1/STM32CubeIDE/plugins/com.st.stm32cube.ide.mcu.externaltools.gnu-tools-for-stm32.13.3.rel1.win32_1.0.100.202509120712/tools/bin/../lib/gcc/arm-none-eabi/13.3.1/../../../../arm-none-eabi/lib/thumb/v7e-m+fp/hard\libc_nano.a(libc_a-fflush.o)
                0x08004dac                _fflush_r
 .text.__swbuf_r
                0x08004dfc       0x7c D:/Program Files/STM32CubeIDE_2.1.1/STM32CubeIDE/plugins/com.st.stm32cube.ide.mcu.externaltools.gnu-tools-for-stm32.13.3.rel1.win32_1.0.100.202509120712/tools/bin/../lib/gcc/arm-none-eabi/13.3.1/../../../../arm-none-eabi/lib/thumb/v7e-m+fp/hard\libc_nano.a(libc_a-wbuf.o)
                0x08004dfc                __swbuf_r
 .text.__swsetup_r
                0x08004e78       0xac D:/Program Files/STM32CubeIDE_2.1.1/STM32CubeIDE/plugins/com.st.stm32cube.ide.mcu.externaltools.gnu-tools-for-stm32.13.3.rel1.win32_1.0.100.202509120712/tools/bin/../lib/gcc/arm-none-eabi/13.3.1/../../../../arm-none-eabi/lib/thumb/v7e-m+fp/hard\libc_nano.a(libc_a-wsetup.o)
                0x08004e78                __swsetup_r
 .text._sbrk_r  0x08004f24       0x20 D:/Program Files/STM32CubeIDE_2.1.1/STM32CubeIDE/plugins/com.st.stm32cube.ide.mcu.externaltools.gnu-tools-for-stm32.13.3.rel1.win32_1.0.100.202509120712/tools/bin/../lib/gcc/arm-none-eabi/13.3.1/../../../../arm-none-eabi/lib/thumb/v7e-m+fp/hard\libc_nano.a(libc_a-sbrkr.o)
                0x08004f24                _sbrk_r
 .text.__swhatbuf_r
                0x08004f44       0x4c D:/Program Files/STM32CubeIDE_2.1.1/STM32CubeIDE/plugins/com.st.stm32cube.ide.mcu.externaltools.gnu-tools-for-stm32.13.3.rel1.win32_1.0.100.202509120712/tools/bin/../lib/gcc/arm-none-eabi/13.3.1/../../../../arm-none-eabi/lib/thumb/v7e-m+fp/hard\libc_nano.a(libc_a-makebuf.o)
                0x08004f44                __swhatbuf_r
 .text.__smakebuf_r
                0x08004f90       0x78 D:/Program Files/STM32CubeIDE_2.1.1/STM32CubeIDE/plugins/com.st.stm32cube.ide.mcu.externaltools.gnu-tools-for-stm32.13.3.rel1.win32_1.0.100.202509120712/tools/bin/../lib/gcc/arm-none-eabi/13.3.1/../../../../arm-none-eabi/lib/thumb/v7e-m+fp/hard\libc_nano.a(libc_a-makebuf.o)
                0x08004f90                __smakebuf_r
 .text._fstat_r
                0x08005008       0x24 D:/Program Files/STM32CubeIDE_2.1.1/STM32CubeIDE/plugins/com.st.stm32cube.ide.mcu.externaltools.gnu-tools-for-stm32.13.3.rel1.win32_1.0.100.202509120712/tools/bin/../lib/gcc/arm-none-eabi/13.3.1/../../../../arm-none-eabi/lib/thumb/v7e-m+fp/hard\libc_nano.a(libc_a-fstatr.o)
                0x08005008                _fstat_r
 .text._isatty_r
                0x0800502c       0x20 D:/Program Files/STM32CubeIDE_2.1.1/STM32CubeIDE/plugins/com.st.stm32cube.ide.mcu.externaltools.gnu-tools-for-stm32.13.3.rel1.win32_1.0.100.202509120712/tools/bin/../lib/gcc/arm-none-eabi/13.3.1/../../../../arm-none-eabi/lib/thumb/v7e-m+fp/hard\libc_nano.a(libc_a-isattyr.o)
                0x0800502c                _isatty_r
 *(.glue_7)
 .glue_7        0x0800504c        0x0 linker stubs
 *(.glue_7t)
 .glue_7t       0x0800504c        0x0 linker stubs
 *(.eh_frame)
 .eh_frame      0x0800504c        0x0 D:/Program Files/STM32CubeIDE_2.1.1/STM32CubeIDE/plugins/com.st.stm32cube.ide.mcu.externaltools.gnu-tools-for-stm32.13.3.rel1.win32_1.0.100.202509120712/tools/bin/../lib/gcc/arm-none-eabi/13.3.1/thumb/v7e-m+fp/hard/crtbegin.o
 *(.init)
 .init          0x0800504c        0x4 D:/Program Files/STM32CubeIDE_2.1.1/STM32CubeIDE/plugins/com.st.stm32cube.ide.mcu.externaltools.gnu-tools-for-stm32.13.3.rel1.win32_1.0.100.202509120712/tools/bin/../lib/gcc/arm-none-eabi/13.3.1/thumb/v7e-m+fp/hard/crti.o
                0x0800504c                _init
 .init          0x08005050        0x8 D:/Program Files/STM32CubeIDE_2.1.1/STM32CubeIDE/plugins/com.st.stm32cube.ide.mcu.externaltools.gnu-tools-for-stm32.13.3.rel1.win32_1.0.100.202509120712/tools/bin/../lib/gcc/arm-none-eabi/13.3.1/thumb/v7e-m+fp/hard/crtn.o
 *(.fini)
 .fini          0x08005058        0x4 D:/Program Files/STM32CubeIDE_2.1.1/STM32CubeIDE/plugins/com.st.stm32cube.ide.mcu.externaltools.gnu-tools-for-stm32.13.3.rel1.win32_1.0.100.202509120712/tools/bin/../lib/gcc/arm-none-eabi/13.3.1/thumb/v7e-m+fp/hard/crti.o
                0x08005058                _fini
 .fini          0x0800505c        0x8 D:/Program Files/STM32CubeIDE_2.1.1/STM32CubeIDE/plugins/com.st.stm32cube.ide.mcu.externaltools.gnu-tools-for-stm32.13.3.rel1.win32_1.0.100.202509120712/tools/bin/../lib/gcc/arm-none-eabi/13.3.1/thumb/v7e-m+fp/hard/crtn.o
                0x08005064                        . = ALIGN (0x4)
                0x08005064                        _etext = .

.vfp11_veneer   0x08005064        0x0
 .vfp11_veneer  0x08005064        0x0 linker stubs

.v4_bx          0x08005064        0x0
 .v4_bx         0x08005064        0x0 linker stubs

.iplt           0x08005064        0x0
 .iplt          0x08005064        0x0 D:/Program Files/STM32CubeIDE_2.1.1/STM32CubeIDE/plugins/com.st.stm32cube.ide.mcu.externaltools.gnu-tools-for-stm32.13.3.rel1.win32_1.0.100.202509120712/tools/bin/../lib/gcc/arm-none-eabi/13.3.1/thumb/v7e-m+fp/hard/crtbegin.o

.rodata         0x08005064       0xa8
                0x08005064                        . = ALIGN (0x4)
 *(.rodata)
 .rodata        0x08005064       0x3a ./Core/Src/main.o
 *(.rodata*)
 *fill*         0x0800509e        0x2 
 .rodata.AHBPrescTable
                0x080050a0       0x10 ./Core/Src/system_stm32f3xx.o
                0x080050a0                AHBPrescTable
 .rodata.APBPrescTable
                0x080050b0        0x8 ./Core/Src/system_stm32f3xx.o
                0x080050b0                APBPrescTable
 .rodata.aPLLMULFactorTable
                0x080050b8       0x10 ./Drivers/STM32F3xx_HAL_Driver/Src/stm32f3xx_hal_rcc.o
 .rodata.aPredivFactorTable
                0x080050c8       0x10 ./Drivers/STM32F3xx_HAL_Driver/Src/stm32f3xx_hal_rcc.o
 .rodata._vfprintf_r.str1.1
                0x080050d8       0x33 D:/Program Files/STM32CubeIDE_2.1.1/STM32CubeIDE/plugins/com.st.stm32cube.ide.mcu.externaltools.gnu-tools-for-stm32.13.3.rel1.win32_1.0.100.202509120712/tools/bin/../lib/gcc/arm-none-eabi/13.3.1/../../../../arm-none-eabi/lib/thumb/v7e-m+fp/hard\libc_nano.a(libc_a-nano-vfprintf.o)
                                 0x11 (size before relaxing)
 .rodata._printf_i.str1.1
                0x0800510b        0x0 D:/Program Files/STM32CubeIDE_2.1.1/STM32CubeIDE/plugins/com.st.stm32cube.ide.mcu.externaltools.gnu-tools-for-stm32.13.3.rel1.win32_1.0.100.202509120712/tools/bin/../lib/gcc/arm-none-eabi/13.3.1/../../../../arm-none-eabi/lib/thumb/v7e-m+fp/hard\libc_nano.a(libc_a-nano-vfprintf_i.o)
                                 0x22 (size before relaxing)
                0x0800510c                        . = ALIGN (0x4)
 *fill*         0x0800510b        0x1 

.ARM.extab      0x0800510c        0x0
                0x0800510c                        . = ALIGN (0x4)
 *(.ARM.extab* .gnu.linkonce.armextab.*)
                0x0800510c                        . = ALIGN (0x4)

.ARM            0x0800510c        0x8
                0x0800510c                        . = ALIGN (0x4)
                0x0800510c                        __exidx_start = .
 *(.ARM.exidx*)
 .ARM.exidx     0x0800510c        0x8 D:/Program Files/STM32CubeIDE_2.1.1/STM32CubeIDE/plugins/com.st.stm32cube.ide.mcu.externaltools.gnu-tools-for-stm32.13.3.rel1.win32_1.0.100.202509120712/tools/bin/../lib/gcc/arm-none-eabi/13.3.1/../../../../arm-none-eabi/lib/thumb/v7e-m+fp/hard\libc_nano.a(libc_a-memchr.o)
                0x08005114                        __exidx_end = .
                0x08005114                        . = ALIGN (0x4)

.rel.dyn        0x08005114        0x0
 .rel.iplt      0x08005114        0x0 D:/Program Files/STM32CubeIDE_2.1.1/STM32CubeIDE/plugins/com.st.stm32cube.ide.mcu.externaltools.gnu-tools-for-stm32.13.3.rel1.win32_1.0.100.202509120712/tools/bin/../lib/gcc/arm-none-eabi/13.3.1/thumb/v7e-m+fp/hard/crtbegin.o

.preinit_array  0x08005114        0x0
                0x08005114                        . = ALIGN (0x4)
                0x08005114                        PROVIDE (__preinit_array_start = .)
 *(.preinit_array*)
                0x08005114                        PROVIDE (__preinit_array_end = .)
                0x08005114                        . = ALIGN (0x4)

.init_array     0x08005114        0x4
                0x08005114                        . = ALIGN (0x4)
                0x08005114                        PROVIDE (__init_array_start = .)
 *(SORT_BY_NAME(.init_array.*))
 *(.init_array*)
 .init_array    0x08005114        0x4 D:/Program Files/STM32CubeIDE_2.1.1/STM32CubeIDE/plugins/com.st.stm32cube.ide.mcu.externaltools.gnu-tools-for-stm32.13.3.rel1.win32_1.0.100.202509120712/tools/bin/../lib/gcc/arm-none-eabi/13.3.1/thumb/v7e-m+fp/hard/crtbegin.o
                0x08005118                        PROVIDE (__init_array_end = .)
                0x08005118                        . = ALIGN (0x4)

.fini_array     0x08005118        0x4
                0x08005118                        . = ALIGN (0x4)
                [!provide]                        PROVIDE (__fini_array_start = .)
 *(SORT_BY_NAME(.fini_array.*))
 *(.fini_array*)
 .fini_array    0x08005118        0x4 D:/Program Files/STM32CubeIDE_2.1.1/STM32CubeIDE/plugins/com.st.stm32cube.ide.mcu.externaltools.gnu-tools-for-stm32.13.3.rel1.win32_1.0.100.202509120712/tools/bin/../lib/gcc/arm-none-eabi/13.3.1/thumb/v7e-m+fp/hard/crtbegin.o
                [!provide]                        PROVIDE (__fini_array_end = .)
                0x0800511c                        . = ALIGN (0x4)
                0x0800511c                        _sidata = LOADADDR (.data)

.data           0x20000000       0x6c load address 0x0800511c
                0x20000000                        . = ALIGN (0x4)
                0x20000000                        _sdata = .
 *(.data)
 *(.data*)
 .data.msg1     0x20000000        0x1 ./Core/Src/main.o
                0x20000000                msg1
 *fill*         0x20000001        0x3 
 .data.SystemCoreClock
                0x20000004        0x4 ./Core/Src/system_stm32f3xx.o
                0x20000004                SystemCoreClock
 .data.uwTickPrio
                0x20000008        0x4 ./Drivers/STM32F3xx_HAL_Driver/Src/stm32f3xx_hal.o
                0x20000008                uwTickPrio
 .data.uwTickFreq
                0x2000000c        0x1 ./Drivers/STM32F3xx_HAL_Driver/Src/stm32f3xx_hal.o
                0x2000000c                uwTickFreq
 *fill*         0x2000000d        0x3 
 .data.__sglue  0x20000010        0xc D:/Program Files/STM32CubeIDE_2.1.1/STM32CubeIDE/plugins/com.st.stm32cube.ide.mcu.externaltools.gnu-tools-for-stm32.13.3.rel1.win32_1.0.100.202509120712/tools/bin/../lib/gcc/arm-none-eabi/13.3.1/../../../../arm-none-eabi/lib/thumb/v7e-m+fp/hard\libc_nano.a(libc_a-findfp.o)
                0x20000010                __sglue
 .data._impure_ptr
                0x2000001c        0x4 D:/Program Files/STM32CubeIDE_2.1.1/STM32CubeIDE/plugins/com.st.stm32cube.ide.mcu.externaltools.gnu-tools-for-stm32.13.3.rel1.win32_1.0.100.202509120712/tools/bin/../lib/gcc/arm-none-eabi/13.3.1/../../../../arm-none-eabi/lib/thumb/v7e-m+fp/hard\libc_nano.a(libc_a-impure.o)
                0x2000001c                _impure_ptr
 .data._impure_data
                0x20000020       0x4c D:/Program Files/STM32CubeIDE_2.1.1/STM32CubeIDE/plugins/com.st.stm32cube.ide.mcu.externaltools.gnu-tools-for-stm32.13.3.rel1.win32_1.0.100.202509120712/tools/bin/../lib/gcc/arm-none-eabi/13.3.1/../../../../arm-none-eabi/lib/thumb/v7e-m+fp/hard\libc_nano.a(libc_a-impure.o)
                0x20000020                _impure_data
 *(.RamFunc)
 *(.RamFunc*)
                0x2000006c                        . = ALIGN (0x4)
                0x2000006c                        _edata = .
                0x08005188                        _siccmram = LOADADDR (.ccmram)

.igot.plt       0x2000006c        0x0 load address 0x08005188
 .igot.plt      0x2000006c        0x0 D:/Program Files/STM32CubeIDE_2.1.1/STM32CubeIDE/plugins/com.st.stm32cube.ide.mcu.externaltools.gnu-tools-for-stm32.13.3.rel1.win32_1.0.100.202509120712/tools/bin/../lib/gcc/arm-none-eabi/13.3.1/thumb/v7e-m+fp/hard/crtbegin.o

.ccmram         0x10000000        0x0 load address 0x08005188
                0x10000000                        . = ALIGN (0x4)
                0x10000000                        _sccmram = .
 *(.ccmram)
 *(.ccmram*)
                0x10000000                        . = ALIGN (0x4)
                0x10000000                        _eccmram = .
                0x10000000                        . = ALIGN (0x4)

.bss            0x2000006c      0x26c
                0x2000006c                        _sbss = .
                0x2000006c                        __bss_start__ = _sbss
 *(.bss)
 .bss           0x2000006c       0x1c D:/Program Files/STM32CubeIDE_2.1.1/STM32CubeIDE/plugins/com.st.stm32cube.ide.mcu.externaltools.gnu-tools-for-stm32.13.3.rel1.win32_1.0.100.202509120712/tools/bin/../lib/gcc/arm-none-eabi/13.3.1/thumb/v7e-m+fp/hard/crtbegin.o
 *(.bss*)
 .bss.hcan      0x20000088       0x28 ./Core/Src/main.o
                0x20000088                hcan
 .bss.huart2    0x200000b0       0x88 ./Core/Src/main.o
                0x200000b0                huart2
 .bss.TxHeader  0x20000138       0x18 ./Core/Src/main.o
                0x20000138                TxHeader
 .bss.RxHeader  0x20000150       0x1c ./Core/Src/main.o
                0x20000150                RxHeader
 .bss.TxData    0x2000016c        0x8 ./Core/Src/main.o
                0x2000016c                TxData
 .bss.RxData    0x20000174        0x8 ./Core/Src/main.o
                0x20000174                RxData
 .bss.TxMailbox
                0x2000017c        0x4 ./Core/Src/main.o
                0x2000017c                TxMailbox
 .bss.BUTTON    0x20000180        0x1 ./Core/Src/main.o
                0x20000180                BUTTON
 .bss.i         0x20000181        0x1 ./Core/Src/main.o
                0x20000181                i
 *fill*         0x20000182        0x2 
 .bss.__sbrk_heap_end
                0x20000184        0x4 ./Core/Src/sysmem.o
 .bss.uwTick    0x20000188        0x4 ./Drivers/STM32F3xx_HAL_Driver/Src/stm32f3xx_hal.o
                0x20000188                uwTick
 .bss.__sf      0x2000018c      0x138 D:/Program Files/STM32CubeIDE_2.1.1/STM32CubeIDE/plugins/com.st.stm32cube.ide.mcu.externaltools.gnu-tools-for-stm32.13.3.rel1.win32_1.0.100.202509120712/tools/bin/../lib/gcc/arm-none-eabi/13.3.1/../../../../arm-none-eabi/lib/thumb/v7e-m+fp/hard\libc_nano.a(libc_a-findfp.o)
                0x2000018c                __sf
 .bss.__stdio_exit_handler
                0x200002c4        0x4 D:/Program Files/STM32CubeIDE_2.1.1/STM32CubeIDE/plugins/com.st.stm32cube.ide.mcu.externaltools.gnu-tools-for-stm32.13.3.rel1.win32_1.0.100.202509120712/tools/bin/../lib/gcc/arm-none-eabi/13.3.1/../../../../arm-none-eabi/lib/thumb/v7e-m+fp/hard\libc_nano.a(libc_a-findfp.o)
                0x200002c4                __stdio_exit_handler
 .bss.errno     0x200002c8        0x4 D:/Program Files/STM32CubeIDE_2.1.1/STM32CubeIDE/plugins/com.st.stm32cube.ide.mcu.externaltools.gnu-tools-for-stm32.13.3.rel1.win32_1.0.100.202509120712/tools/bin/../lib/gcc/arm-none-eabi/13.3.1/../../../../arm-none-eabi/lib/thumb/v7e-m+fp/hard\libc_nano.a(libc_a-reent.o)
                0x200002c8                errno
 .bss.__lock___malloc_recursive_mutex
                0x200002cc        0x1 D:/Program Files/STM32CubeIDE_2.1.1/STM32CubeIDE/plugins/com.st.stm32cube.ide.mcu.externaltools.gnu-tools-for-stm32.13.3.rel1.win32_1.0.100.202509120712/tools/bin/../lib/gcc/arm-none-eabi/13.3.1/../../../../arm-none-eabi/lib/thumb/v7e-m+fp/hard\libc_nano.a(libc_a-lock.o)
                0x200002cc                __lock___malloc_recursive_mutex
 .bss.__lock___sfp_recursive_mutex
                0x200002cd        0x1 D:/Program Files/STM32CubeIDE_2.1.1/STM32CubeIDE/plugins/com.st.stm32cube.ide.mcu.externaltools.gnu-tools-for-stm32.13.3.rel1.win32_1.0.100.202509120712/tools/bin/../lib/gcc/arm-none-eabi/13.3.1/../../../../arm-none-eabi/lib/thumb/v7e-m+fp/hard\libc_nano.a(libc_a-lock.o)
                0x200002cd                __lock___sfp_recursive_mutex
 *fill*         0x200002ce        0x2 
 .bss.__malloc_sbrk_start
                0x200002d0        0x4 D:/Program Files/STM32CubeIDE_2.1.1/STM32CubeIDE/plugins/com.st.stm32cube.ide.mcu.externaltools.gnu-tools-for-stm32.13.3.rel1.win32_1.0.100.202509120712/tools/bin/../lib/gcc/arm-none-eabi/13.3.1/../../../../arm-none-eabi/lib/thumb/v7e-m+fp/hard\libc_nano.a(libc_a-mallocr.o)
                0x200002d0                __malloc_sbrk_start
 .bss.__malloc_free_list
                0x200002d4        0x4 D:/Program Files/STM32CubeIDE_2.1.1/STM32CubeIDE/plugins/com.st.stm32cube.ide.mcu.externaltools.gnu-tools-for-stm32.13.3.rel1.win32_1.0.100.202509120712/tools/bin/../lib/gcc/arm-none-eabi/13.3.1/../../../../arm-none-eabi/lib/thumb/v7e-m+fp/hard\libc_nano.a(libc_a-mallocr.o)
                0x200002d4                __malloc_free_list
 *(COMMON)
                0x200002d8                        . = ALIGN (0x4)
                0x200002d8                        _ebss = .
                0x200002d8                        __bss_end__ = _ebss

._user_heap_stack
                0x200002d8      0x600
                0x200002d8                        . = ALIGN (0x8)
                [!provide]                        PROVIDE (end = .)
                0x200002d8                        PROVIDE (_end = .)
                0x200004d8                        . = (. + _Min_Heap_Size)
 *fill*         0x200002d8      0x200 
                0x200008d8                        . = (. + _Min_Stack_Size)
 *fill*         0x200004d8      0x400 
                0x200008d8                        . = ALIGN (0x8)

/DISCARD/
 libc.a(*)
 libm.a(*)
 libgcc.a(*)

.ARM.attributes
                0x00000000       0x30
 *(.ARM.attributes)
 .ARM.attributes
                0x00000000       0x22 D:/Program Files/STM32CubeIDE_2.1.1/STM32CubeIDE/plugins/com.st.stm32cube.ide.mcu.externaltools.gnu-tools-for-stm32.13.3.rel1.win32_1.0.100.202509120712/tools/bin/../lib/gcc/arm-none-eabi/13.3.1/thumb/v7e-m+fp/hard/crti.o
 .ARM.attributes
                0x00000022       0x34 D:/Program Files/STM32CubeIDE_2.1.1/STM32CubeIDE/plugins/com.st.stm32cube.ide.mcu.externaltools.gnu-tools-for-stm32.13.3.rel1.win32_1.0.100.202509120712/tools/bin/../lib/gcc/arm-none-eabi/13.3.1/thumb/v7e-m+fp/hard/crtbegin.o
 .ARM.attributes
                0x00000056       0x34 ./Core/Src/main.o
 .ARM.attributes
                0x0000008a       0x34 ./Core/Src/stm32f3xx_hal_msp.o
 .ARM.attributes
                0x000000be       0x34 ./Core/Src/stm32f3xx_it.o
 .ARM.attributes
                0x000000f2       0x34 ./Core/Src/syscalls.o
 .ARM.attributes
                0x00000126       0x34 ./Core/Src/sysmem.o
 .ARM.attributes
                0x0000015a       0x34 ./Core/Src/system_stm32f3xx.o
 .ARM.attributes
                0x0000018e       0x21 ./Core/Startup/startup_stm32f303retx.o
 .ARM.attributes
                0x000001af       0x34 ./Drivers/STM32F3xx_HAL_Driver/Src/stm32f3xx_hal.o
 .ARM.attributes
                0x000001e3       0x34 ./Drivers/STM32F3xx_HAL_Driver/Src/stm32f3xx_hal_can.o
 .ARM.attributes
                0x00000217       0x34 ./Drivers/STM32F3xx_HAL_Driver/Src/stm32f3xx_hal_cortex.o
 .ARM.attributes
                0x0000024b       0x34 ./Drivers/STM32F3xx_HAL_Driver/Src/stm32f3xx_hal_gpio.o
 .ARM.attributes
                0x0000027f       0x34 ./Drivers/STM32F3xx_HAL_Driver/Src/stm32f3xx_hal_rcc.o
 .ARM.attributes
                0x000002b3       0x34 ./Drivers/STM32F3xx_HAL_Driver/Src/stm32f3xx_hal_rcc_ex.o
 .ARM.attributes
                0x000002e7       0x34 ./Drivers/STM32F3xx_HAL_Driver/Src/stm32f3xx_hal_uart.o
 .ARM.attributes
                0x0000031b       0x34 D:/Program Files/STM32CubeIDE_2.1.1/STM32CubeIDE/plugins/com.st.stm32cube.ide.mcu.externaltools.gnu-tools-for-stm32.13.3.rel1.win32_1.0.100.202509120712/tools/bin/../lib/gcc/arm-none-eabi/13.3.1/../../../../arm-none-eabi/lib/thumb/v7e-m+fp/hard\libc_nano.a(libc_a-findfp.o)
 .ARM.attributes
                0x0000034f       0x34 D:/Program Files/STM32CubeIDE_2.1.1/STM32CubeIDE/plugins/com.st.stm32cube.ide.mcu.externaltools.gnu-tools-for-stm32.13.3.rel1.win32_1.0.100.202509120712/tools/bin/../lib/gcc/arm-none-eabi/13.3.1/../../../../arm-none-eabi/lib/thumb/v7e-m+fp/hard\libc_nano.a(libc_a-fwalk.o)
 .ARM.attributes
                0x00000383       0x34 D:/Program Files/STM32CubeIDE_2.1.1/STM32CubeIDE/plugins/com.st.stm32cube.ide.mcu.externaltools.gnu-tools-for-stm32.13.3.rel1.win32_1.0.100.202509120712/tools/bin/../lib/gcc/arm-none-eabi/13.3.1/../../../../arm-none-eabi/lib/thumb/v7e-m+fp/hard\libc_nano.a(libc_a-printf.o)
 .ARM.attributes
                0x000003b7       0x34 D:/Program Files/STM32CubeIDE_2.1.1/STM32CubeIDE/plugins/com.st.stm32cube.ide.mcu.externaltools.gnu-tools-for-stm32.13.3.rel1.win32_1.0.100.202509120712/tools/bin/../lib/gcc/arm-none-eabi/13.3.1/../../../../arm-none-eabi/lib/thumb/v7e-m+fp/hard\libc_nano.a(libc_a-stdio.o)
 .ARM.attributes
                0x000003eb       0x34 D:/Program Files/STM32CubeIDE_2.1.1/STM32CubeIDE/plugins/com.st.stm32cube.ide.mcu.externaltools.gnu-tools-for-stm32.13.3.rel1.win32_1.0.100.202509120712/tools/bin/../lib/gcc/arm-none-eabi/13.3.1/../../../../arm-none-eabi/lib/thumb/v7e-m+fp/hard\libc_nano.a(libc_a-memset.o)
 .ARM.attributes
                0x0000041f       0x34 D:/Program Files/STM32CubeIDE_2.1.1/STM32CubeIDE/plugins/com.st.stm32cube.ide.mcu.externaltools.gnu-tools-for-stm32.13.3.rel1.win32_1.0.100.202509120712/tools/bin/../lib/gcc/arm-none-eabi/13.3.1/../../../../arm-none-eabi/lib/thumb/v7e-m+fp/hard\libc_nano.a(libc_a-closer.o)
 .ARM.attributes
                0x00000453       0x34 D:/Program Files/STM32CubeIDE_2.1.1/STM32CubeIDE/plugins/com.st.stm32cube.ide.mcu.externaltools.gnu-tools-for-stm32.13.3.rel1.win32_1.0.100.202509120712/tools/bin/../lib/gcc/arm-none-eabi/13.3.1/../../../../arm-none-eabi/lib/thumb/v7e-m+fp/hard\libc_nano.a(libc_a-reent.o)
 .ARM.attributes
                0x00000487       0x34 D:/Program Files/STM32CubeIDE_2.1.1/STM32CubeIDE/plugins/com.st.stm32cube.ide.mcu.externaltools.gnu-tools-for-stm32.13.3.rel1.win32_1.0.100.202509120712/tools/bin/../lib/gcc/arm-none-eabi/13.3.1/../../../../arm-none-eabi/lib/thumb/v7e-m+fp/hard\libc_nano.a(libc_a-impure.o)
 .ARM.attributes
                0x000004bb       0x34 D:/Program Files/STM32CubeIDE_2.1.1/STM32CubeIDE/plugins/com.st.stm32cube.ide.mcu.externaltools.gnu-tools-for-stm32.13.3.rel1.win32_1.0.100.202509120712/tools/bin/../lib/gcc/arm-none-eabi/13.3.1/../../../../arm-none-eabi/lib/thumb/v7e-m+fp/hard\libc_nano.a(libc_a-lseekr.o)
 .ARM.attributes
                0x000004ef       0x34 D:/Program Files/STM32CubeIDE_2.1.1/STM32CubeIDE/plugins/com.st.stm32cube.ide.mcu.externaltools.gnu-tools-for-stm32.13.3.rel1.win32_1.0.100.202509120712/tools/bin/../lib/gcc/arm-none-eabi/13.3.1/../../../../arm-none-eabi/lib/thumb/v7e-m+fp/hard\libc_nano.a(libc_a-readr.o)
 .ARM.attributes
                0x00000523       0x34 D:/Program Files/STM32CubeIDE_2.1.1/STM32CubeIDE/plugins/com.st.stm32cube.ide.mcu.externaltools.gnu-tools-for-stm32.13.3.rel1.win32_1.0.100.202509120712/tools/bin/../lib/gcc/arm-none-eabi/13.3.1/../../../../arm-none-eabi/lib/thumb/v7e-m+fp/hard\libc_nano.a(libc_a-writer.o)
 .ARM.attributes
                0x00000557       0x34 D:/Program Files/STM32CubeIDE_2.1.1/STM32CubeIDE/plugins/com.st.stm32cube.ide.mcu.externaltools.gnu-tools-for-stm32.13.3.rel1.win32_1.0.100.202509120712/tools/bin/../lib/gcc/arm-none-eabi/13.3.1/../../../../arm-none-eabi/lib/thumb/v7e-m+fp/hard\libc_nano.a(libc_a-errno.o)
 .ARM.attributes
                0x0000058b       0x34 D:/Program Files/STM32CubeIDE_2.1.1/STM32CubeIDE/plugins/com.st.stm32cube.ide.mcu.externaltools.gnu-tools-for-stm32.13.3.rel1.win32_1.0.100.202509120712/tools/bin/../lib/gcc/arm-none-eabi/13.3.1/../../../../arm-none-eabi/lib/thumb/v7e-m+fp/hard\libc_nano.a(libc_a-init.o)
 .ARM.attributes
                0x000005bf       0x34 D:/Program Files/STM32CubeIDE_2.1.1/STM32CubeIDE/plugins/com.st.stm32cube.ide.mcu.externaltools.gnu-tools-for-stm32.13.3.rel1.win32_1.0.100.202509120712/tools/bin/../lib/gcc/arm-none-eabi/13.3.1/../../../../arm-none-eabi/lib/thumb/v7e-m+fp/hard\libc_nano.a(libc_a-lock.o)
 .ARM.attributes
                0x000005f3       0x34 D:/Program Files/STM32CubeIDE_2.1.1/STM32CubeIDE/plugins/com.st.stm32cube.ide.mcu.externaltools.gnu-tools-for-stm32.13.3.rel1.win32_1.0.100.202509120712/tools/bin/../lib/gcc/arm-none-eabi/13.3.1/../../../../arm-none-eabi/lib/thumb/v7e-m+fp/hard\libc_nano.a(libc_a-freer.o)
 .ARM.attributes
                0x00000627       0x34 D:/Program Files/STM32CubeIDE_2.1.1/STM32CubeIDE/plugins/com.st.stm32cube.ide.mcu.externaltools.gnu-tools-for-stm32.13.3.rel1.win32_1.0.100.202509120712/tools/bin/../lib/gcc/arm-none-eabi/13.3.1/../../../../arm-none-eabi/lib/thumb/v7e-m+fp/hard\libc_nano.a(libc_a-mallocr.o)
 .ARM.attributes
                0x0000065b       0x34 D:/Program Files/STM32CubeIDE_2.1.1/STM32CubeIDE/plugins/com.st.stm32cube.ide.mcu.externaltools.gnu-tools-for-stm32.13.3.rel1.win32_1.0.100.202509120712/tools/bin/../lib/gcc/arm-none-eabi/13.3.1/../../../../arm-none-eabi/lib/thumb/v7e-m+fp/hard\libc_nano.a(libc_a-mlock.o)
 .ARM.attributes
                0x0000068f       0x34 D:/Program Files/STM32CubeIDE_2.1.1/STM32CubeIDE/plugins/com.st.stm32cube.ide.mcu.externaltools.gnu-tools-for-stm32.13.3.rel1.win32_1.0.100.202509120712/tools/bin/../lib/gcc/arm-none-eabi/13.3.1/../../../../arm-none-eabi/lib/thumb/v7e-m+fp/hard\libc_nano.a(libc_a-nano-vfprintf.o)
 .ARM.attributes
                0x000006c3       0x34 D:/Program Files/STM32CubeIDE_2.1.1/STM32CubeIDE/plugins/com.st.stm32cube.ide.mcu.externaltools.gnu-tools-for-stm32.13.3.rel1.win32_1.0.100.202509120712/tools/bin/../lib/gcc/arm-none-eabi/13.3.1/../../../../arm-none-eabi/lib/thumb/v7e-m+fp/hard\libc_nano.a(libc_a-nano-vfprintf_i.o)
 .ARM.attributes
                0x000006f7       0x34 D:/Program Files/STM32CubeIDE_2.1.1/STM32CubeIDE/plugins/com.st.stm32cube.ide.mcu.externaltools.gnu-tools-for-stm32.13.3.rel1.win32_1.0.100.202509120712/tools/bin/../lib/gcc/arm-none-eabi/13.3.1/../../../../arm-none-eabi/lib/thumb/v7e-m+fp/hard\libc_nano.a(libc_a-fflush.o)
 .ARM.attributes
                0x0000072b       0x34 D:/Program Files/STM32CubeIDE_2.1.1/STM32CubeIDE/plugins/com.st.stm32cube.ide.mcu.externaltools.gnu-tools-for-stm32.13.3.rel1.win32_1.0.100.202509120712/tools/bin/../lib/gcc/arm-none-eabi/13.3.1/../../../../arm-none-eabi/lib/thumb/v7e-m+fp/hard\libc_nano.a(libc_a-wbuf.o)
 .ARM.attributes
                0x0000075f       0x34 D:/Program Files/STM32CubeIDE_2.1.1/STM32CubeIDE/plugins/com.st.stm32cube.ide.mcu.externaltools.gnu-tools-for-stm32.13.3.rel1.win32_1.0.100.202509120712/tools/bin/../lib/gcc/arm-none-eabi/13.3.1/../../../../arm-none-eabi/lib/thumb/v7e-m+fp/hard\libc_nano.a(libc_a-wsetup.o)
 .ARM.attributes
                0x00000793       0x34 D:/Program Files/STM32CubeIDE_2.1.1/STM32CubeIDE/plugins/com.st.stm32cube.ide.mcu.externaltools.gnu-tools-for-stm32.13.3.rel1.win32_1.0.100.202509120712/tools/bin/../lib/gcc/arm-none-eabi/13.3.1/../../../../arm-none-eabi/lib/thumb/v7e-m+fp/hard\libc_nano.a(libc_a-sbrkr.o)
 .ARM.attributes
                0x000007c7       0x1c D:/Program Files/STM32CubeIDE_2.1.1/STM32CubeIDE/plugins/com.st.stm32cube.ide.mcu.externaltools.gnu-tools-for-stm32.13.3.rel1.win32_1.0.100.202509120712/tools/bin/../lib/gcc/arm-none-eabi/13.3.1/../../../../arm-none-eabi/lib/thumb/v7e-m+fp/hard\libc_nano.a(libc_a-memchr.o)
 .ARM.attributes
                0x000007e3       0x34 D:/Program Files/STM32CubeIDE_2.1.1/STM32CubeIDE/plugins/com.st.stm32cube.ide.mcu.externaltools.gnu-tools-for-stm32.13.3.rel1.win32_1.0.100.202509120712/tools/bin/../lib/gcc/arm-none-eabi/13.3.1/../../../../arm-none-eabi/lib/thumb/v7e-m+fp/hard\libc_nano.a(libc_a-makebuf.o)
 .ARM.attributes
                0x00000817       0x34 D:/Program Files/STM32CubeIDE_2.1.1/STM32CubeIDE/plugins/com.st.stm32cube.ide.mcu.externaltools.gnu-tools-for-stm32.13.3.rel1.win32_1.0.100.202509120712/tools/bin/../lib/gcc/arm-none-eabi/13.3.1/../../../../arm-none-eabi/lib/thumb/v7e-m+fp/hard\libc_nano.a(libc_a-fstatr.o)
 .ARM.attributes
                0x0000084b       0x34 D:/Program Files/STM32CubeIDE_2.1.1/STM32CubeIDE/plugins/com.st.stm32cube.ide.mcu.externaltools.gnu-tools-for-stm32.13.3.rel1.win32_1.0.100.202509120712/tools/bin/../lib/gcc/arm-none-eabi/13.3.1/../../../../arm-none-eabi/lib/thumb/v7e-m+fp/hard\libc_nano.a(libc_a-isattyr.o)
 .ARM.attributes
                0x0000087f       0x22 D:/Program Files/STM32CubeIDE_2.1.1/STM32CubeIDE/plugins/com.st.stm32cube.ide.mcu.externaltools.gnu-tools-for-stm32.13.3.rel1.win32_1.0.100.202509120712/tools/bin/../lib/gcc/arm-none-eabi/13.3.1/thumb/v7e-m+fp/hard/crtn.o
OUTPUT(STM32_SampleProject.elf elf32-littlearm)
LOAD linker stubs
LOAD D:/Program Files/STM32CubeIDE_2.1.1/STM32CubeIDE/plugins/com.st.stm32cube.ide.mcu.externaltools.gnu-tools-for-stm32.13.3.rel1.win32_1.0.100.202509120712/tools/bin/../lib/gcc/arm-none-eabi/13.3.1/../../../../arm-none-eabi/lib/thumb/v7e-m+fp/hard\libc.a
LOAD D:/Program Files/STM32CubeIDE_2.1.1/STM32CubeIDE/plugins/com.st.stm32cube.ide.mcu.externaltools.gnu-tools-for-stm32.13.3.rel1.win32_1.0.100.202509120712/tools/bin/../lib/gcc/arm-none-eabi/13.3.1/../../../../arm-none-eabi/lib/thumb/v7e-m+fp/hard\libm.a
LOAD D:/Program Files/STM32CubeIDE_2.1.1/STM32CubeIDE/plugins/com.st.stm32cube.ide.mcu.externaltools.gnu-tools-for-stm32.13.3.rel1.win32_1.0.100.202509120712/tools/bin/../lib/gcc/arm-none-eabi/13.3.1/thumb/v7e-m+fp/hard\libgcc.a

.debug_info     0x00000000     0xb6ff
 .debug_info    0x00000000     0x16be ./Core/Src/main.o
 .debug_info    0x000016be      0xfa1 ./Core/Src/stm32f3xx_hal_msp.o
 .debug_info    0x0000265f      0x53c ./Core/Src/stm32f3xx_it.o
 .debug_info    0x00002b9b      0x6a3 ./Core/Src/syscalls.o
 .debug_info    0x0000323e      0x168 ./Core/Src/sysmem.o
 .debug_info    0x000033a6      0x407 ./Core/Src/system_stm32f3xx.o
 .debug_info    0x000037ad       0x30 ./Core/Startup/startup_stm32f303retx.o
 .debug_info    0x000037dd      0x804 ./Drivers/STM32F3xx_HAL_Driver/Src/stm32f3xx_hal.o
 .debug_info    0x00003fe1      0xf07 ./Drivers/STM32F3xx_HAL_Driver/Src/stm32f3xx_hal_can.o
 .debug_info    0x00004ee8      0xd14 ./Drivers/STM32F3xx_HAL_Driver/Src/stm32f3xx_hal_cortex.o
 .debug_info    0x00005bfc      0x6a6 ./Drivers/STM32F3xx_HAL_Driver/Src/stm32f3xx_hal_gpio.o
 .debug_info    0x000062a2     0x149a ./Drivers/STM32F3xx_HAL_Driver/Src/stm32f3xx_hal_rcc.o
 .debug_info    0x0000773c      0x61b ./Drivers/STM32F3xx_HAL_Driver/Src/stm32f3xx_hal_rcc_ex.o
 .debug_info    0x00007d57     0x39a8 ./Drivers/STM32F3xx_HAL_Driver/Src/stm32f3xx_hal_uart.o

.debug_abbrev   0x00000000     0x1b45
 .debug_abbrev  0x00000000      0x303 ./Core/Src/main.o
 .debug_abbrev  0x00000303      0x1e1 ./Core/Src/stm32f3xx_hal_msp.o
 .debug_abbrev  0x000004e4      0x191 ./Core/Src/stm32f3xx_it.o
 .debug_abbrev  0x00000675      0x1b6 ./Core/Src/syscalls.o
 .debug_abbrev  0x0000082b       0xbc ./Core/Src/sysmem.o
 .debug_abbrev  0x000008e7      0x11a ./Core/Src/system_stm32f3xx.o
 .debug_abbrev  0x00000a01       0x24 ./Core/Startup/startup_stm32f303retx.o
 .debug_abbrev  0x00000a25      0x215 ./Drivers/STM32F3xx_HAL_Driver/Src/stm32f3xx_hal.o
 .debug_abbrev  0x00000c3a      0x231 ./Drivers/STM32F3xx_HAL_Driver/Src/stm32f3xx_hal_can.o
 .debug_abbrev  0x00000e6b      0x31e ./Drivers/STM32F3xx_HAL_Driver/Src/stm32f3xx_hal_cortex.o
 .debug_abbrev  0x00001189      0x1ca ./Drivers/STM32F3xx_HAL_Driver/Src/stm32f3xx_hal_gpio.o
 .debug_abbrev  0x00001353      0x300 ./Drivers/STM32F3xx_HAL_Driver/Src/stm32f3xx_hal_rcc.o
 .debug_abbrev  0x00001653      0x221 ./Drivers/STM32F3xx_HAL_Driver/Src/stm32f3xx_hal_rcc_ex.o
 .debug_abbrev  0x00001874      0x2d1 ./Drivers/STM32F3xx_HAL_Driver/Src/stm32f3xx_hal_uart.o

.debug_aranges  0x00000000      0x8a0
 .debug_aranges
                0x00000000       0x58 ./Core/Src/main.o
 .debug_aranges
                0x00000058       0x40 ./Core/Src/stm32f3xx_hal_msp.o
 .debug_aranges
                0x00000098       0x70 ./Core/Src/stm32f3xx_it.o
 .debug_aranges
                0x00000108       0xa8 ./Core/Src/syscalls.o
 .debug_aranges
                0x000001b0       0x20 ./Core/Src/sysmem.o
 .debug_aranges
                0x000001d0       0x28 ./Core/Src/system_stm32f3xx.o
 .debug_aranges
                0x000001f8       0x28 ./Core/Startup/startup_stm32f303retx.o
 .debug_aranges
                0x00000220       0xe0 ./Drivers/STM32F3xx_HAL_Driver/Src/stm32f3xx_hal.o
 .debug_aranges
                0x00000300      0x138 ./Drivers/STM32F3xx_HAL_Driver/Src/stm32f3xx_hal_can.o
 .debug_aranges
                0x00000438      0x128 ./Drivers/STM32F3xx_HAL_Driver/Src/stm32f3xx_hal_cortex.o
 .debug_aranges
                0x00000560       0x58 ./Drivers/STM32F3xx_HAL_Driver/Src/stm32f3xx_hal_gpio.o
 .debug_aranges
                0x000005b8       0x88 ./Drivers/STM32F3xx_HAL_Driver/Src/stm32f3xx_hal_rcc.o
 .debug_aranges
                0x00000640       0x38 ./Drivers/STM32F3xx_HAL_Driver/Src/stm32f3xx_hal_rcc_ex.o
 .debug_aranges
                0x00000678      0x228 ./Drivers/STM32F3xx_HAL_Driver/Src/stm32f3xx_hal_uart.o

.debug_rnglists
                0x00000000      0x690
 .debug_rnglists
                0x00000000       0x42 ./Core/Src/main.o
 .debug_rnglists
                0x00000042       0x2d ./Core/Src/stm32f3xx_hal_msp.o
 .debug_rnglists
                0x0000006f       0x4f ./Core/Src/stm32f3xx_it.o
 .debug_rnglists
                0x000000be       0x79 ./Core/Src/syscalls.o
 .debug_rnglists
                0x00000137       0x13 ./Core/Src/sysmem.o
 .debug_rnglists
                0x0000014a       0x1a ./Core/Src/system_stm32f3xx.o
 .debug_rnglists
                0x00000164       0x19 ./Core/Startup/startup_stm32f303retx.o
 .debug_rnglists
                0x0000017d       0xa3 ./Drivers/STM32F3xx_HAL_Driver/Src/stm32f3xx_hal.o
 .debug_rnglists
                0x00000220       0xee ./Drivers/STM32F3xx_HAL_Driver/Src/stm32f3xx_hal_can.o
 .debug_rnglists
                0x0000030e       0xda ./Drivers/STM32F3xx_HAL_Driver/Src/stm32f3xx_hal_cortex.o
 .debug_rnglists
                0x000003e8       0x3f ./Drivers/STM32F3xx_HAL_Driver/Src/stm32f3xx_hal_gpio.o
 .debug_rnglists
                0x00000427       0x66 ./Drivers/STM32F3xx_HAL_Driver/Src/stm32f3xx_hal_rcc.o
 .debug_rnglists
                0x0000048d       0x29 ./Drivers/STM32F3xx_HAL_Driver/Src/stm32f3xx_hal_rcc_ex.o
 .debug_rnglists
                0x000004b6      0x1da ./Drivers/STM32F3xx_HAL_Driver/Src/stm32f3xx_hal_uart.o

.debug_macro    0x00000000    0x20ebe
 .debug_macro   0x00000000      0x2ea ./Core/Src/main.o
 .debug_macro   0x000002ea      0xad8 ./Core/Src/main.o
 .debug_macro   0x00000dc2      0x15e ./Core/Src/main.o
 .debug_macro   0x00000f20       0x2e ./Core/Src/main.o
 .debug_macro   0x00000f4e       0x28 ./Core/Src/main.o
 .debug_macro   0x00000f76       0x22 ./Core/Src/main.o
 .debug_macro   0x00000f98       0x8e ./Core/Src/main.o
 .debug_macro   0x00001026       0x51 ./Core/Src/main.o
 .debug_macro   0x00001077      0x103 ./Core/Src/main.o
 .debug_macro   0x0000117a       0x6a ./Core/Src/main.o
 .debug_macro   0x000011e4      0x1df ./Core/Src/main.o
 .debug_macro   0x000013c3       0x1c ./Core/Src/main.o
 .debug_macro   0x000013df       0x22 ./Core/Src/main.o
 .debug_macro   0x00001401       0xd9 ./Core/Src/main.o
 .debug_macro   0x000014da     0x102d ./Core/Src/main.o
 .debug_macro   0x00002507      0x11f ./Core/Src/main.o
 .debug_macro   0x00002626    0x1535a ./Core/Src/main.o
 .debug_macro   0x00017980       0x6d ./Core/Src/main.o
 .debug_macro   0x000179ed     0x3574 ./Core/Src/main.o
 .debug_macro   0x0001af61      0x190 ./Core/Src/main.o
 .debug_macro   0x0001b0f1       0x55 ./Core/Src/main.o
 .debug_macro   0x0001b146      0x953 ./Core/Src/main.o
 .debug_macro   0x0001ba99      0x84a ./Core/Src/main.o
 .debug_macro   0x0001c2e3      0x1b5 ./Core/Src/main.o
 .debug_macro   0x0001c498      0x23a ./Core/Src/main.o
 .debug_macro   0x0001c6d2      0x1ea ./Core/Src/main.o
 .debug_macro   0x0001c8bc      0x1bc ./Core/Src/main.o
 .debug_macro   0x0001ca78       0x30 ./Core/Src/main.o
 .debug_macro   0x0001caa8       0x3c ./Core/Src/main.o
 .debug_macro   0x0001cae4      0x235 ./Core/Src/main.o
 .debug_macro   0x0001cd19      0x408 ./Core/Src/main.o
 .debug_macro   0x0001d121       0xc5 ./Core/Src/main.o
 .debug_macro   0x0001d1e6      0x21d ./Core/Src/main.o
 .debug_macro   0x0001d403      0x22c ./Core/Src/main.o
 .debug_macro   0x0001d62f       0x5b ./Core/Src/main.o
 .debug_macro   0x0001d68a       0xa5 ./Core/Src/main.o
 .debug_macro   0x0001d72f       0x81 ./Core/Src/main.o
 .debug_macro   0x0001d7b0       0xd3 ./Core/Src/main.o
 .debug_macro   0x0001d883      0x5ba ./Core/Src/main.o
 .debug_macro   0x0001de3d       0x44 ./Core/Src/main.o
 .debug_macro   0x0001de81      0x347 ./Core/Src/main.o
 .debug_macro   0x0001e1c8       0xdc ./Core/Src/main.o
 .debug_macro   0x0001e2a4       0x61 ./Core/Src/main.o
 .debug_macro   0x0001e305       0x2a ./Core/Src/main.o
 .debug_macro   0x0001e32f       0x43 ./Core/Src/main.o
 .debug_macro   0x0001e372       0x34 ./Core/Src/main.o
 .debug_macro   0x0001e3a6       0x16 ./Core/Src/main.o
 .debug_macro   0x0001e3bc       0x3c ./Core/Src/main.o
 .debug_macro   0x0001e3f8      0x370 ./Core/Src/main.o
 .debug_macro   0x0001e768       0x10 ./Core/Src/main.o
 .debug_macro   0x0001e778       0x16 ./Core/Src/main.o
 .debug_macro   0x0001e78e       0x4a ./Core/Src/main.o
 .debug_macro   0x0001e7d8       0x34 ./Core/Src/main.o
 .debug_macro   0x0001e80c       0x10 ./Core/Src/main.o
 .debug_macro   0x0001e81c       0x58 ./Core/Src/main.o
 .debug_macro   0x0001e874       0x8e ./Core/Src/main.o
 .debug_macro   0x0001e902       0x1c ./Core/Src/main.o
 .debug_macro   0x0001e91e      0x185 ./Core/Src/main.o
 .debug_macro   0x0001eaa3       0x16 ./Core/Src/main.o
 .debug_macro   0x0001eab9       0x16 ./Core/Src/main.o
 .debug_macro   0x0001eacf      0x146 ./Core/Src/main.o
 .debug_macro   0x0001ec15      0x1dc ./Core/Src/stm32f3xx_hal_msp.o
 .debug_macro   0x0001edf1      0x1e6 ./Core/Src/stm32f3xx_it.o
 .debug_macro   0x0001efd7      0x274 ./Core/Src/syscalls.o
 .debug_macro   0x0001f24b       0x5b ./Core/Src/syscalls.o
 .debug_macro   0x0001f2a6       0x94 ./Core/Src/syscalls.o
 .debug_macro   0x0001f33a       0x57 ./Core/Src/syscalls.o
 .debug_macro   0x0001f391       0x10 ./Core/Src/syscalls.o
 .debug_macro   0x0001f3a1       0x10 ./Core/Src/syscalls.o
 .debug_macro   0x0001f3b1       0x10 ./Core/Src/syscalls.o
 .debug_macro   0x0001f3c1       0x10 ./Core/Src/syscalls.o
 .debug_macro   0x0001f3d1       0x1c ./Core/Src/syscalls.o
 .debug_macro   0x0001f3ed       0x52 ./Core/Src/syscalls.o
 .debug_macro   0x0001f43f       0x22 ./Core/Src/syscalls.o
 .debug_macro   0x0001f461       0x10 ./Core/Src/syscalls.o
 .debug_macro   0x0001f471       0x52 ./Core/Src/syscalls.o
 .debug_macro   0x0001f4c3       0xcf ./Core/Src/syscalls.o
 .debug_macro   0x0001f592       0x1c ./Core/Src/syscalls.o
 .debug_macro   0x0001f5ae       0x3d ./Core/Src/syscalls.o
 .debug_macro   0x0001f5eb       0x35 ./Core/Src/syscalls.o
 .debug_macro   0x0001f620      0x12c ./Core/Src/syscalls.o
 .debug_macro   0x0001f74c       0x16 ./Core/Src/syscalls.o
 .debug_macro   0x0001f762       0x16 ./Core/Src/syscalls.o
 .debug_macro   0x0001f778       0x29 ./Core/Src/syscalls.o
 .debug_macro   0x0001f7a1       0x10 ./Core/Src/syscalls.o
 .debug_macro   0x0001f7b1      0x242 ./Core/Src/syscalls.o
 .debug_macro   0x0001f9f3       0x1c ./Core/Src/syscalls.o
 .debug_macro   0x0001fa0f       0x10 ./Core/Src/syscalls.o
 .debug_macro   0x0001fa1f      0x18a ./Core/Src/syscalls.o
 .debug_macro   0x0001fba9       0x16 ./Core/Src/syscalls.o
 .debug_macro   0x0001fbbf       0xce ./Core/Src/syscalls.o
 .debug_macro   0x0001fc8d      0x112 ./Core/Src/sysmem.o
 .debug_macro   0x0001fd9f      0x23c ./Core/Src/sysmem.o
 .debug_macro   0x0001ffdb      0x1cd ./Core/Src/system_stm32f3xx.o
 .debug_macro   0x000201a8      0x1f1 ./Drivers/STM32F3xx_HAL_Driver/Src/stm32f3xx_hal.o
 .debug_macro   0x00020399      0x1dc ./Drivers/STM32F3xx_HAL_Driver/Src/stm32f3xx_hal_can.o
 .debug_macro   0x00020575      0x1cd ./Drivers/STM32F3xx_HAL_Driver/Src/stm32f3xx_hal_cortex.o
 .debug_macro   0x00020742      0x1d4 ./Drivers/STM32F3xx_HAL_Driver/Src/stm32f3xx_hal_gpio.o
 .debug_macro   0x00020916      0x1f1 ./Drivers/STM32F3xx_HAL_Driver/Src/stm32f3xx_hal_rcc.o
 .debug_macro   0x00020b07      0x1cd ./Drivers/STM32F3xx_HAL_Driver/Src/stm32f3xx_hal_rcc_ex.o
 .debug_macro   0x00020cd4      0x1ea ./Drivers/STM32F3xx_HAL_Driver/Src/stm32f3xx_hal_uart.o

.debug_line     0x00000000     0xbc2b
 .debug_line    0x00000000      0xcee ./Core/Src/main.o
 .debug_line    0x00000cee      0x7f5 ./Core/Src/stm32f3xx_hal_msp.o
 .debug_line    0x000014e3      0x839 ./Core/Src/stm32f3xx_it.o
 .debug_line    0x00001d1c      0xa5e ./Core/Src/syscalls.o
 .debug_line    0x0000277a      0x681 ./Core/Src/sysmem.o
 .debug_line    0x00002dfb      0x7d6 ./Core/Src/system_stm32f3xx.o
 .debug_line    0x000035d1       0x7a ./Core/Startup/startup_stm32f303retx.o
 .debug_line    0x0000364b      0xa0d ./Drivers/STM32F3xx_HAL_Driver/Src/stm32f3xx_hal.o
 .debug_line    0x00004058     0x11fe ./Drivers/STM32F3xx_HAL_Driver/Src/stm32f3xx_hal_can.o
 .debug_line    0x00005256      0xcd8 ./Drivers/STM32F3xx_HAL_Driver/Src/stm32f3xx_hal_cortex.o
 .debug_line    0x00005f2e      0xb80 ./Drivers/STM32F3xx_HAL_Driver/Src/stm32f3xx_hal_gpio.o
 .debug_line    0x00006aae     0x1584 ./Drivers/STM32F3xx_HAL_Driver/Src/stm32f3xx_hal_rcc.o
 .debug_line    0x00008032      0xf70 ./Drivers/STM32F3xx_HAL_Driver/Src/stm32f3xx_hal_rcc_ex.o
 .debug_line    0x00008fa2     0x2c89 ./Drivers/STM32F3xx_HAL_Driver/Src/stm32f3xx_hal_uart.o

.debug_str      0x00000000    0xc4a91
 .debug_str     0x00000000    0xc4a91 ./Core/Src/main.o
                              0xc1678 (size before relaxing)
 .debug_str     0x000c4a91        0x0 ./Core/Src/stm32f3xx_hal_msp.o
                              0xbd886 (size before relaxing)
 .debug_str     0x000c4a91        0x0 ./Core/Src/stm32f3xx_it.o
                              0xbcf63 (size before relaxing)
 .debug_str     0x000c4a91        0x0 ./Core/Src/syscalls.o
                               0x99fd (size before relaxing)
 .debug_str     0x000c4a91        0x0 ./Core/Src/sysmem.o
                               0x779b (size before relaxing)
 .debug_str     0x000c4a91        0x0 ./Core/Src/system_stm32f3xx.o
                              0xbc914 (size before relaxing)
 .debug_str     0x000c4a91        0x0 ./Core/Startup/startup_stm32f303retx.o
                                 0x9d (size before relaxing)
 .debug_str     0x000c4a91        0x0 ./Drivers/STM32F3xx_HAL_Driver/Src/stm32f3xx_hal.o
                              0xbd1bd (size before relaxing)
 .debug_str     0x000c4a91        0x0 ./Drivers/STM32F3xx_HAL_Driver/Src/stm32f3xx_hal_can.o
                              0xbd0a3 (size before relaxing)
 .debug_str     0x000c4a91        0x0 ./Drivers/STM32F3xx_HAL_Driver/Src/stm32f3xx_hal_cortex.o
                              0xbd241 (size before relaxing)
 .debug_str     0x000c4a91        0x0 ./Drivers/STM32F3xx_HAL_Driver/Src/stm32f3xx_hal_gpio.o
                              0xbcaf9 (size before relaxing)
 .debug_str     0x000c4a91        0x0 ./Drivers/STM32F3xx_HAL_Driver/Src/stm32f3xx_hal_rcc.o
                              0xbcdb8 (size before relaxing)
 .debug_str     0x000c4a91        0x0 ./Drivers/STM32F3xx_HAL_Driver/Src/stm32f3xx_hal_rcc_ex.o
                              0xbcc02 (size before relaxing)
 .debug_str     0x000c4a91        0x0 ./Drivers/STM32F3xx_HAL_Driver/Src/stm32f3xx_hal_uart.o
                              0xbd637 (size before relaxing)

.comment        0x00000000       0x43
 .comment       0x00000000       0x43 ./Core/Src/main.o
                                 0x44 (size before relaxing)
 .comment       0x00000043        0x0 ./Core/Src/stm32f3xx_hal_msp.o
                                 0x44 (size before relaxing)
 .comment       0x00000043        0x0 ./Core/Src/stm32f3xx_it.o
                                 0x44 (size before relaxing)
 .comment       0x00000043        0x0 ./Core/Src/syscalls.o
                                 0x44 (size before relaxing)
 .comment       0x00000043        0x0 ./Core/Src/sysmem.o
                                 0x44 (size before relaxing)
 .comment       0x00000043        0x0 ./Core/Src/system_stm32f3xx.o
                                 0x44 (size before relaxing)
 .comment       0x00000043        0x0 ./Drivers/STM32F3xx_HAL_Driver/Src/stm32f3xx_hal.o
                                 0x44 (size before relaxing)
 .comment       0x00000043        0x0 ./Drivers/STM32F3xx_HAL_Driver/Src/stm32f3xx_hal_can.o
                                 0x44 (size before relaxing)
 .comment       0x00000043        0x0 ./Drivers/STM32F3xx_HAL_Driver/Src/stm32f3xx_hal_cortex.o
                                 0x44 (size before relaxing)
 .comment       0x00000043        0x0 ./Drivers/STM32F3xx_HAL_Driver/Src/stm32f3xx_hal_gpio.o
                                 0x44 (size before relaxing)
 .comment       0x00000043        0x0 ./Drivers/STM32F3xx_HAL_Driver/Src/stm32f3xx_hal_rcc.o
                                 0x44 (size before relaxing)
 .comment       0x00000043        0x0 ./Drivers/STM32F3xx_HAL_Driver/Src/stm32f3xx_hal_rcc_ex.o
                                 0x44 (size before relaxing)
 .comment       0x00000043        0x0 ./Drivers/STM32F3xx_HAL_Driver/Src/stm32f3xx_hal_uart.o
                                 0x44 (size before relaxing)

.debug_frame    0x00000000     0x29d8
 .debug_frame   0x00000000      0x118 ./Core/Src/main.o
 .debug_frame   0x00000118       0xc4 ./Core/Src/stm32f3xx_hal_msp.o
 .debug_frame   0x000001dc      0x13c ./Core/Src/stm32f3xx_it.o
 .debug_frame   0x00000318      0x2ac ./Core/Src/syscalls.o
 .debug_frame   0x000005c4       0x34 ./Core/Src/sysmem.o
 .debug_frame   0x000005f8       0x58 ./Core/Src/system_stm32f3xx.o
 .debug_frame   0x00000650      0x334 ./Drivers/STM32F3xx_HAL_Driver/Src/stm32f3xx_hal.o
 .debug_frame   0x00000984      0x5a0 ./Drivers/STM32F3xx_HAL_Driver/Src/stm32f3xx_hal_can.o
 .debug_frame   0x00000f24      0x4e8 ./Drivers/STM32F3xx_HAL_Driver/Src/stm32f3xx_hal_cortex.o
 .debug_frame   0x0000140c      0x14c ./Drivers/STM32F3xx_HAL_Driver/Src/stm32f3xx_hal_gpio.o
 .debug_frame   0x00001558      0x214 ./Drivers/STM32F3xx_HAL_Driver/Src/stm32f3xx_hal_rcc.o
 .debug_frame   0x0000176c       0xb0 ./Drivers/STM32F3xx_HAL_Driver/Src/stm32f3xx_hal_rcc_ex.o
 .debug_frame   0x0000181c      0x9e8 ./Drivers/STM32F3xx_HAL_Driver/Src/stm32f3xx_hal_uart.o
 .debug_frame   0x00002204      0x144 D:/Program Files/STM32CubeIDE_2.1.1/STM32CubeIDE/plugins/com.st.stm32cube.ide.mcu.externaltools.gnu-tools-for-stm32.13.3.rel1.win32_1.0.100.202509120712/tools/bin/../lib/gcc/arm-none-eabi/13.3.1/../../../../arm-none-eabi/lib/thumb/v7e-m+fp/hard\libc_nano.a(libc_a-findfp.o)
 .debug_frame   0x00002348       0x34 D:/Program Files/STM32CubeIDE_2.1.1/STM32CubeIDE/plugins/com.st.stm32cube.ide.mcu.externaltools.gnu-tools-for-stm32.13.3.rel1.win32_1.0.100.202509120712/tools/bin/../lib/gcc/arm-none-eabi/13.3.1/../../../../arm-none-eabi/lib/thumb/v7e-m+fp/hard\libc_nano.a(libc_a-fwalk.o)
 .debug_frame   0x0000237c       0x6c D:/Program Files/STM32CubeIDE_2.1.1/STM32CubeIDE/plugins/com.st.stm32cube.ide.mcu.externaltools.gnu-tools-for-stm32.13.3.rel1.win32_1.0.100.202509120712/tools/bin/../lib/gcc/arm-none-eabi/13.3.1/../../../../arm-none-eabi/lib/thumb/v7e-m+fp/hard\libc_nano.a(libc_a-printf.o)
 .debug_frame   0x000023e8       0x88 D:/Program Files/STM32CubeIDE_2.1.1/STM32CubeIDE/plugins/com.st.stm32cube.ide.mcu.externaltools.gnu-tools-for-stm32.13.3.rel1.win32_1.0.100.202509120712/tools/bin/../lib/gcc/arm-none-eabi/13.3.1/../../../../arm-none-eabi/lib/thumb/v7e-m+fp/hard\libc_nano.a(libc_a-stdio.o)
 .debug_frame   0x00002470       0x20 D:/Program Files/STM32CubeIDE_2.1.1/STM32CubeIDE/plugins/com.st.stm32cube.ide.mcu.externaltools.gnu-tools-for-stm32.13.3.rel1.win32_1.0.100.202509120712/tools/bin/../lib/gcc/arm-none-eabi/13.3.1/../../../../arm-none-eabi/lib/thumb/v7e-m+fp/hard\libc_nano.a(libc_a-memset.o)
 .debug_frame   0x00002490       0x2c D:/Program Files/STM32CubeIDE_2.1.1/STM32CubeIDE/plugins/com.st.stm32cube.ide.mcu.externaltools.gnu-tools-for-stm32.13.3.rel1.win32_1.0.100.202509120712/tools/bin/../lib/gcc/arm-none-eabi/13.3.1/../../../../arm-none-eabi/lib/thumb/v7e-m+fp/hard\libc_nano.a(libc_a-closer.o)
 .debug_frame   0x000024bc       0x38 D:/Program Files/STM32CubeIDE_2.1.1/STM32CubeIDE/plugins/com.st.stm32cube.ide.mcu.externaltools.gnu-tools-for-stm32.13.3.rel1.win32_1.0.100.202509120712/tools/bin/../lib/gcc/arm-none-eabi/13.3.1/../../../../arm-none-eabi/lib/thumb/v7e-m+fp/hard\libc_nano.a(libc_a-reent.o)
 .debug_frame   0x000024f4       0x2c D:/Program Files/STM32CubeIDE_2.1.1/STM32CubeIDE/plugins/com.st.stm32cube.ide.mcu.externaltools.gnu-tools-for-stm32.13.3.rel1.win32_1.0.100.202509120712/tools/bin/../lib/gcc/arm-none-eabi/13.3.1/../../../../arm-none-eabi/lib/thumb/v7e-m+fp/hard\libc_nano.a(libc_a-lseekr.o)
 .debug_frame   0x00002520       0x2c D:/Program Files/STM32CubeIDE_2.1.1/STM32CubeIDE/plugins/com.st.stm32cube.ide.mcu.externaltools.gnu-tools-for-stm32.13.3.rel1.win32_1.0.100.202509120712/tools/bin/../lib/gcc/arm-none-eabi/13.3.1/../../../../arm-none-eabi/lib/thumb/v7e-m+fp/hard\libc_nano.a(libc_a-readr.o)
 .debug_frame   0x0000254c       0x2c D:/Program Files/STM32CubeIDE_2.1.1/STM32CubeIDE/plugins/com.st.stm32cube.ide.mcu.externaltools.gnu-tools-for-stm32.13.3.rel1.win32_1.0.100.202509120712/tools/bin/../lib/gcc/arm-none-eabi/13.3.1/../../../../arm-none-eabi/lib/thumb/v7e-m+fp/hard\libc_nano.a(libc_a-writer.o)
 .debug_frame   0x00002578       0x20 D:/Program Files/STM32CubeIDE_2.1.1/STM32CubeIDE/plugins/com.st.stm32cube.ide.mcu.externaltools.gnu-tools-for-stm32.13.3.rel1.win32_1.0.100.202509120712/tools/bin/../lib/gcc/arm-none-eabi/13.3.1/../../../../arm-none-eabi/lib/thumb/v7e-m+fp/hard\libc_nano.a(libc_a-errno.o)
 .debug_frame   0x00002598       0x2c D:/Program Files/STM32CubeIDE_2.1.1/STM32CubeIDE/plugins/com.st.stm32cube.ide.mcu.externaltools.gnu-tools-for-stm32.13.3.rel1.win32_1.0.100.202509120712/tools/bin/../lib/gcc/arm-none-eabi/13.3.1/../../../../arm-none-eabi/lib/thumb/v7e-m+fp/hard\libc_nano.a(libc_a-init.o)
 .debug_frame   0x000025c4       0xb0 D:/Program Files/STM32CubeIDE_2.1.1/STM32CubeIDE/plugins/com.st.stm32cube.ide.mcu.externaltools.gnu-tools-for-stm32.13.3.rel1.win32_1.0.100.202509120712/tools/bin/../lib/gcc/arm-none-eabi/13.3.1/../../../../arm-none-eabi/lib/thumb/v7e-m+fp/hard\libc_nano.a(libc_a-lock.o)
 .debug_frame   0x00002674       0x38 D:/Program Files/STM32CubeIDE_2.1.1/STM32CubeIDE/plugins/com.st.stm32cube.ide.mcu.externaltools.gnu-tools-for-stm32.13.3.rel1.win32_1.0.100.202509120712/tools/bin/../lib/gcc/arm-none-eabi/13.3.1/../../../../arm-none-eabi/lib/thumb/v7e-m+fp/hard\libc_nano.a(libc_a-freer.o)
 .debug_frame   0x000026ac       0x50 D:/Program Files/STM32CubeIDE_2.1.1/STM32CubeIDE/plugins/com.st.stm32cube.ide.mcu.externaltools.gnu-tools-for-stm32.13.3.rel1.win32_1.0.100.202509120712/tools/bin/../lib/gcc/arm-none-eabi/13.3.1/../../../../arm-none-eabi/lib/thumb/v7e-m+fp/hard\libc_nano.a(libc_a-mallocr.o)
 .debug_frame   0x000026fc       0x30 D:/Program Files/STM32CubeIDE_2.1.1/STM32CubeIDE/plugins/com.st.stm32cube.ide.mcu.externaltools.gnu-tools-for-stm32.13.3.rel1.win32_1.0.100.202509120712/tools/bin/../lib/gcc/arm-none-eabi/13.3.1/../../../../arm-none-eabi/lib/thumb/v7e-m+fp/hard\libc_nano.a(libc_a-mlock.o)
 .debug_frame   0x0000272c       0xa8 D:/Program Files/STM32CubeIDE_2.1.1/STM32CubeIDE/plugins/com.st.stm32cube.ide.mcu.externaltools.gnu-tools-for-stm32.13.3.rel1.win32_1.0.100.202509120712/tools/bin/../lib/gcc/arm-none-eabi/13.3.1/../../../../arm-none-eabi/lib/thumb/v7e-m+fp/hard\libc_nano.a(libc_a-nano-vfprintf.o)
 .debug_frame   0x000027d4       0x60 D:/Program Files/STM32CubeIDE_2.1.1/STM32CubeIDE/plugins/com.st.stm32cube.ide.mcu.externaltools.gnu-tools-for-stm32.13.3.rel1.win32_1.0.100.202509120712/tools/bin/../lib/gcc/arm-none-eabi/13.3.1/../../../../arm-none-eabi/lib/thumb/v7e-m+fp/hard\libc_nano.a(libc_a-nano-vfprintf_i.o)
 .debug_frame   0x00002834       0x5c D:/Program Files/STM32CubeIDE_2.1.1/STM32CubeIDE/plugins/com.st.stm32cube.ide.mcu.externaltools.gnu-tools-for-stm32.13.3.rel1.win32_1.0.100.202509120712/tools/bin/../lib/gcc/arm-none-eabi/13.3.1/../../../../arm-none-eabi/lib/thumb/v7e-m+fp/hard\libc_nano.a(libc_a-fflush.o)
 .debug_frame   0x00002890       0x40 D:/Program Files/STM32CubeIDE_2.1.1/STM32CubeIDE/plugins/com.st.stm32cube.ide.mcu.externaltools.gnu-tools-for-stm32.13.3.rel1.win32_1.0.100.202509120712/tools/bin/../lib/gcc/arm-none-eabi/13.3.1/../../../../arm-none-eabi/lib/thumb/v7e-m+fp/hard\libc_nano.a(libc_a-wbuf.o)
 .debug_frame   0x000028d0       0x2c D:/Program Files/STM32CubeIDE_2.1.1/STM32CubeIDE/plugins/com.st.stm32cube.ide.mcu.externaltools.gnu-tools-for-stm32.13.3.rel1.win32_1.0.100.202509120712/tools/bin/../lib/gcc/arm-none-eabi/13.3.1/../../../../arm-none-eabi/lib/thumb/v7e-m+fp/hard\libc_nano.a(libc_a-wsetup.o)
 .debug_frame   0x000028fc       0x2c D:/Program Files/STM32CubeIDE_2.1.1/STM32CubeIDE/plugins/com.st.stm32cube.ide.mcu.externaltools.gnu-tools-for-stm32.13.3.rel1.win32_1.0.100.202509120712/tools/bin/../lib/gcc/arm-none-eabi/13.3.1/../../../../arm-none-eabi/lib/thumb/v7e-m+fp/hard\libc_nano.a(libc_a-sbrkr.o)
 .debug_frame   0x00002928       0x58 D:/Program Files/STM32CubeIDE_2.1.1/STM32CubeIDE/plugins/com.st.stm32cube.ide.mcu.externaltools.gnu-tools-for-stm32.13.3.rel1.win32_1.0.100.202509120712/tools/bin/../lib/gcc/arm-none-eabi/13.3.1/../../../../arm-none-eabi/lib/thumb/v7e-m+fp/hard\libc_nano.a(libc_a-makebuf.o)
 .debug_frame   0x00002980       0x2c D:/Program Files/STM32CubeIDE_2.1.1/STM32CubeIDE/plugins/com.st.stm32cube.ide.mcu.externaltools.gnu-tools-for-stm32.13.3.rel1.win32_1.0.100.202509120712/tools/bin/../lib/gcc/arm-none-eabi/13.3.1/../../../../arm-none-eabi/lib/thumb/v7e-m+fp/hard\libc_nano.a(libc_a-fstatr.o)
 .debug_frame   0x000029ac       0x2c D:/Program Files/STM32CubeIDE_2.1.1/STM32CubeIDE/plugins/com.st.stm32cube.ide.mcu.externaltools.gnu-tools-for-stm32.13.3.rel1.win32_1.0.100.202509120712/tools/bin/../lib/gcc/arm-none-eabi/13.3.1/../../../../arm-none-eabi/lib/thumb/v7e-m+fp/hard\libc_nano.a(libc_a-isattyr.o)

.debug_line_str
                0x00000000       0x81
 .debug_line_str
                0x00000000       0x81 ./Core/Startup/startup_stm32f303retx.o
